<!doctype html public "-//w3c//dtd html 4.0 transitional//en">
<html><head>
<title>Static Call Graph - [LVG\LVG.axf]</title></head>
<body><HR>
<H1>Static Call Graph for image LVG\LVG.axf</H1><HR>
<BR><P>#&#060CALLGRAPH&#062# ARM Linker, 5060960: Last Updated: Sun Sep 25 15:51:19 2022
<BR><P>
<H3>Maximum Stack Usage =        936 bytes + Unknown(Functions without stacksize, Cycles, Untraceable Function Pointers)</H3><H3>
Call chain for Maximum Stack Depth:</H3>
touchgfx::TextAreaWithWildcardBase::draw(const touchgfx::Rect&) const &rArr; touchgfx::LCD::drawString(touchgfx::Rect, const touchgfx::Rect&, const touchgfx::LCD::StringVisuals&, const unsigned short*, ...) &rArr; touchgfx::LCD::drawStringLTR(const touchgfx::Rect&, const touchgfx::Rect&, const touchgfx::LCD::StringVisuals&, const unsigned short*, std::__va_list) &rArr; touchgfx::LCD::drawStringInternal(unsigned short*, const touchgfx::Rect*, short, short, const touchgfx::Rect&, const touchgfx::LCD::StringVisuals*, unsigned char, touchgfx::TextProvider&, int, bool) &rArr; touchgfx::TextProvider::getNextLigature(unsigned char, const touchgfx::Font*, const touchgfx::GlyphNode*&, const unsigned char*&, unsigned char&) &rArr; touchgfx::TextProvider::getNextLigature(unsigned char) &rArr; touchgfx::TextProvider::substituteGlyphs() &rArr; touchgfx::TextProvider::applyGsubRules(const unsigned short*, unsigned short) &rArr; touchgfx::TextProvider::replaceInputCharacters(unsigned short, unsigned short, const unsigned short*) &rArr; touchgfx::TextProvider::fillInputBuffer() &rArr; abort &rArr; __rt_SIGABRT &rArr; __rt_SIGABRT_inner &rArr; __default_signal_display &rArr; _ttywrch
<P>
<H3>
Functions with no stack information
</H3><UL>
 <LI><a href="#[1d2]">__user_initial_stackheap</a>
</UL>
</UL>
<P>
<H3>
Mutually Recursive functions
</H3> <LI><a href="#[2d]">ADC_IRQHandler</a>&nbsp;&nbsp;&nbsp;&rArr;&nbsp;&nbsp;&nbsp;<a href="#[2d]">ADC_IRQHandler</a><BR>
 <LI><a href="#[15]">BusFault_Handler</a>&nbsp;&nbsp;&nbsp;&rArr;&nbsp;&nbsp;&nbsp;<a href="#[15]">BusFault_Handler</a><BR>
 <LI><a href="#[13]">HardFault_Handler</a>&nbsp;&nbsp;&nbsp;&rArr;&nbsp;&nbsp;&nbsp;<a href="#[13]">HardFault_Handler</a><BR>
 <LI><a href="#[14]">MemManage_Handler</a>&nbsp;&nbsp;&nbsp;&rArr;&nbsp;&nbsp;&nbsp;<a href="#[14]">MemManage_Handler</a><BR>
 <LI><a href="#[12]">NMI_Handler</a>&nbsp;&nbsp;&nbsp;&rArr;&nbsp;&nbsp;&nbsp;<a href="#[12]">NMI_Handler</a><BR>
 <LI><a href="#[16]">UsageFault_Handler</a>&nbsp;&nbsp;&nbsp;&rArr;&nbsp;&nbsp;&nbsp;<a href="#[16]">UsageFault_Handler</a><BR>
 <LI><a href="#[29f]">touchgfx::TouchCalibration::muldivu(unsigned, unsigned, unsigned, unsigned, unsigned, unsigned&)</a>&nbsp;&nbsp;&nbsp;&rArr;&nbsp;&nbsp;&nbsp;<a href="#[29f]">touchgfx::TouchCalibration::muldivu(unsigned, unsigned, unsigned, unsigned, unsigned, unsigned&)</a><BR>
 <LI><a href="#[2c7]">touchgfx::Screen::JSMOC(const touchgfx::Rect&, touchgfx::Drawable*)</a>&nbsp;&nbsp;&nbsp;&rArr;&nbsp;&nbsp;&nbsp;<a href="#[2c7]">touchgfx::Screen::JSMOC(const touchgfx::Rect&, touchgfx::Drawable*)</a><BR>
</UL>
<P>
<H3>
Function Pointers
</H3><UL>
 <LI><a href="#[2d]">ADC_IRQHandler</a> from startup_stm32f429xx.o(.text) referenced from startup_stm32f429xx.o(RESET)
 <LI><a href="#[15]">BusFault_Handler</a> from stm32f4xx_it.o(i.BusFault_Handler) referenced from startup_stm32f429xx.o(RESET)
 <LI><a href="#[2f]">CAN1_RX0_IRQHandler</a> from startup_stm32f429xx.o(.text) referenced from startup_stm32f429xx.o(RESET)
 <LI><a href="#[30]">CAN1_RX1_IRQHandler</a> from startup_stm32f429xx.o(.text) referenced from startup_stm32f429xx.o(RESET)
 <LI><a href="#[31]">CAN1_SCE_IRQHandler</a> from startup_stm32f429xx.o(.text) referenced from startup_stm32f429xx.o(RESET)
 <LI><a href="#[2e]">CAN1_TX_IRQHandler</a> from startup_stm32f429xx.o(.text) referenced from startup_stm32f429xx.o(RESET)
 <LI><a href="#[5b]">CAN2_RX0_IRQHandler</a> from startup_stm32f429xx.o(.text) referenced from startup_stm32f429xx.o(RESET)
 <LI><a href="#[5c]">CAN2_RX1_IRQHandler</a> from startup_stm32f429xx.o(.text) referenced from startup_stm32f429xx.o(RESET)
 <LI><a href="#[5d]">CAN2_SCE_IRQHandler</a> from startup_stm32f429xx.o(.text) referenced from startup_stm32f429xx.o(RESET)
 <LI><a href="#[5a]">CAN2_TX_IRQHandler</a> from startup_stm32f429xx.o(.text) referenced from startup_stm32f429xx.o(RESET)
 <LI><a href="#[69]">DCMI_IRQHandler</a> from startup_stm32f429xx.o(.text) referenced from startup_stm32f429xx.o(RESET)
 <LI><a href="#[26]">DMA1_Stream0_IRQHandler</a> from startup_stm32f429xx.o(.text) referenced from startup_stm32f429xx.o(RESET)
 <LI><a href="#[27]">DMA1_Stream1_IRQHandler</a> from startup_stm32f429xx.o(.text) referenced from startup_stm32f429xx.o(RESET)
 <LI><a href="#[28]">DMA1_Stream2_IRQHandler</a> from startup_stm32f429xx.o(.text) referenced from startup_stm32f429xx.o(RESET)
 <LI><a href="#[29]">DMA1_Stream3_IRQHandler</a> from startup_stm32f429xx.o(.text) referenced from startup_stm32f429xx.o(RESET)
 <LI><a href="#[2a]">DMA1_Stream4_IRQHandler</a> from startup_stm32f429xx.o(.text) referenced from startup_stm32f429xx.o(RESET)
 <LI><a href="#[2b]">DMA1_Stream5_IRQHandler</a> from startup_stm32f429xx.o(.text) referenced from startup_stm32f429xx.o(RESET)
 <LI><a href="#[2c]">DMA1_Stream6_IRQHandler</a> from startup_stm32f429xx.o(.text) referenced from startup_stm32f429xx.o(RESET)
 <LI><a href="#[4a]">DMA1_Stream7_IRQHandler</a> from startup_stm32f429xx.o(.text) referenced from startup_stm32f429xx.o(RESET)
 <LI><a href="#[74]">DMA2D_IRQHandler</a> from startup_stm32f429xx.o(.text) referenced from startup_stm32f429xx.o(RESET)
 <LI><a href="#[53]">DMA2_Stream0_IRQHandler</a> from startup_stm32f429xx.o(.text) referenced from startup_stm32f429xx.o(RESET)
 <LI><a href="#[54]">DMA2_Stream1_IRQHandler</a> from startup_stm32f429xx.o(.text) referenced from startup_stm32f429xx.o(RESET)
 <LI><a href="#[55]">DMA2_Stream2_IRQHandler</a> from startup_stm32f429xx.o(.text) referenced from startup_stm32f429xx.o(RESET)
 <LI><a href="#[56]">DMA2_Stream3_IRQHandler</a> from stm32f4xx_it.o(i.DMA2_Stream3_IRQHandler) referenced from startup_stm32f429xx.o(RESET)
 <LI><a href="#[57]">DMA2_Stream4_IRQHandler</a> from stm32f4xx_it.o(i.DMA2_Stream4_IRQHandler) referenced from startup_stm32f429xx.o(RESET)
 <LI><a href="#[5f]">DMA2_Stream5_IRQHandler</a> from startup_stm32f429xx.o(.text) referenced from startup_stm32f429xx.o(RESET)
 <LI><a href="#[60]">DMA2_Stream6_IRQHandler</a> from startup_stm32f429xx.o(.text) referenced from startup_stm32f429xx.o(RESET)
 <LI><a href="#[61]">DMA2_Stream7_IRQHandler</a> from startup_stm32f429xx.o(.text) referenced from startup_stm32f429xx.o(RESET)
 <LI><a href="#[18]">DebugMon_Handler</a> from stm32f4xx_it.o(i.DebugMon_Handler) referenced from startup_stm32f429xx.o(RESET)
 <LI><a href="#[58]">ETH_IRQHandler</a> from startup_stm32f429xx.o(.text) referenced from startup_stm32f429xx.o(RESET)
 <LI><a href="#[59]">ETH_WKUP_IRQHandler</a> from startup_stm32f429xx.o(.text) referenced from startup_stm32f429xx.o(RESET)
 <LI><a href="#[21]">EXTI0_IRQHandler</a> from startup_stm32f429xx.o(.text) referenced from startup_stm32f429xx.o(RESET)
 <LI><a href="#[43]">EXTI15_10_IRQHandler</a> from startup_stm32f429xx.o(.text) referenced from startup_stm32f429xx.o(RESET)
 <LI><a href="#[22]">EXTI1_IRQHandler</a> from stm32f4xx_it.o(i.EXTI1_IRQHandler) referenced from startup_stm32f429xx.o(RESET)
 <LI><a href="#[23]">EXTI2_IRQHandler</a> from startup_stm32f429xx.o(.text) referenced from startup_stm32f429xx.o(RESET)
 <LI><a href="#[24]">EXTI3_IRQHandler</a> from startup_stm32f429xx.o(.text) referenced from startup_stm32f429xx.o(RESET)
 <LI><a href="#[25]">EXTI4_IRQHandler</a> from startup_stm32f429xx.o(.text) referenced from startup_stm32f429xx.o(RESET)
 <LI><a href="#[32]">EXTI9_5_IRQHandler</a> from startup_stm32f429xx.o(.text) referenced from startup_stm32f429xx.o(RESET)
 <LI><a href="#[1f]">FLASH_IRQHandler</a> from startup_stm32f429xx.o(.text) referenced from startup_stm32f429xx.o(RESET)
 <LI><a href="#[4b]">FMC_IRQHandler</a> from startup_stm32f429xx.o(.text) referenced from startup_stm32f429xx.o(RESET)
 <LI><a href="#[6b]">FPU_IRQHandler</a> from startup_stm32f429xx.o(.text) referenced from startup_stm32f429xx.o(RESET)
 <LI><a href="#[6a]">HASH_RNG_IRQHandler</a> from startup_stm32f429xx.o(.text) referenced from startup_stm32f429xx.o(RESET)
 <LI><a href="#[13]">HardFault_Handler</a> from stm32f4xx_it.o(i.HardFault_Handler) referenced from startup_stm32f429xx.o(RESET)
 <LI><a href="#[3b]">I2C1_ER_IRQHandler</a> from startup_stm32f429xx.o(.text) referenced from startup_stm32f429xx.o(RESET)
 <LI><a href="#[3a]">I2C1_EV_IRQHandler</a> from startup_stm32f429xx.o(.text) referenced from startup_stm32f429xx.o(RESET)
 <LI><a href="#[3d]">I2C2_ER_IRQHandler</a> from startup_stm32f429xx.o(.text) referenced from startup_stm32f429xx.o(RESET)
 <LI><a href="#[3c]">I2C2_EV_IRQHandler</a> from startup_stm32f429xx.o(.text) referenced from startup_stm32f429xx.o(RESET)
 <LI><a href="#[64]">I2C3_ER_IRQHandler</a> from startup_stm32f429xx.o(.text) referenced from startup_stm32f429xx.o(RESET)
 <LI><a href="#[63]">I2C3_EV_IRQHandler</a> from startup_stm32f429xx.o(.text) referenced from startup_stm32f429xx.o(RESET)
 <LI><a href="#[73]">LTDC_ER_IRQHandler</a> from startup_stm32f429xx.o(.text) referenced from startup_stm32f429xx.o(RESET)
 <LI><a href="#[72]">LTDC_IRQHandler</a> from startup_stm32f429xx.o(.text) referenced from startup_stm32f429xx.o(RESET)
 <LI><a href="#[14]">MemManage_Handler</a> from stm32f4xx_it.o(i.MemManage_Handler) referenced from startup_stm32f429xx.o(RESET)
 <LI><a href="#[12]">NMI_Handler</a> from stm32f4xx_it.o(i.NMI_Handler) referenced from startup_stm32f429xx.o(RESET)
 <LI><a href="#[5e]">OTG_FS_IRQHandler</a> from startup_stm32f429xx.o(.text) referenced from startup_stm32f429xx.o(RESET)
 <LI><a href="#[45]">OTG_FS_WKUP_IRQHandler</a> from startup_stm32f429xx.o(.text) referenced from startup_stm32f429xx.o(RESET)
 <LI><a href="#[66]">OTG_HS_EP1_IN_IRQHandler</a> from startup_stm32f429xx.o(.text) referenced from startup_stm32f429xx.o(RESET)
 <LI><a href="#[65]">OTG_HS_EP1_OUT_IRQHandler</a> from startup_stm32f429xx.o(.text) referenced from startup_stm32f429xx.o(RESET)
 <LI><a href="#[68]">OTG_HS_IRQHandler</a> from startup_stm32f429xx.o(.text) referenced from startup_stm32f429xx.o(RESET)
 <LI><a href="#[67]">OTG_HS_WKUP_IRQHandler</a> from startup_stm32f429xx.o(.text) referenced from startup_stm32f429xx.o(RESET)
 <LI><a href="#[1c]">PVD_IRQHandler</a> from startup_stm32f429xx.o(.text) referenced from startup_stm32f429xx.o(RESET)
 <LI><a href="#[19]">PendSV_Handler</a> from stm32f4xx_it.o(i.PendSV_Handler) referenced from startup_stm32f429xx.o(RESET)
 <LI><a href="#[20]">RCC_IRQHandler</a> from startup_stm32f429xx.o(.text) referenced from startup_stm32f429xx.o(RESET)
 <LI><a href="#[44]">RTC_Alarm_IRQHandler</a> from startup_stm32f429xx.o(.text) referenced from startup_stm32f429xx.o(RESET)
 <LI><a href="#[1e]">RTC_WKUP_IRQHandler</a> from startup_stm32f429xx.o(.text) referenced from startup_stm32f429xx.o(RESET)
 <LI><a href="#[11]">Reset_Handler</a> from startup_stm32f429xx.o(.text) referenced from startup_stm32f429xx.o(RESET)
 <LI><a href="#[71]">SAI1_IRQHandler</a> from startup_stm32f429xx.o(.text) referenced from startup_stm32f429xx.o(RESET)
 <LI><a href="#[4c]">SDIO_IRQHandler</a> from startup_stm32f429xx.o(.text) referenced from startup_stm32f429xx.o(RESET)
 <LI><a href="#[3e]">SPI1_IRQHandler</a> from startup_stm32f429xx.o(.text) referenced from startup_stm32f429xx.o(RESET)
 <LI><a href="#[3f]">SPI2_IRQHandler</a> from startup_stm32f429xx.o(.text) referenced from startup_stm32f429xx.o(RESET)
 <LI><a href="#[4e]">SPI3_IRQHandler</a> from startup_stm32f429xx.o(.text) referenced from startup_stm32f429xx.o(RESET)
 <LI><a href="#[6e]">SPI4_IRQHandler</a> from startup_stm32f429xx.o(.text) referenced from startup_stm32f429xx.o(RESET)
 <LI><a href="#[6f]">SPI5_IRQHandler</a> from stm32f4xx_it.o(i.SPI5_IRQHandler) referenced from startup_stm32f429xx.o(RESET)
 <LI><a href="#[70]">SPI6_IRQHandler</a> from startup_stm32f429xx.o(.text) referenced from startup_stm32f429xx.o(RESET)
 <LI><a href="#[77]">SPI_DMAAbortOnError</a> from stm32f4xx_hal_spi.o(i.SPI_DMAAbortOnError) referenced from stm32f4xx_hal_spi.o(i.HAL_SPI_IRQHandler)
 <LI><a href="#[7a]">SPI_DMAError</a> from stm32f4xx_hal_spi.o(i.SPI_DMAError) referenced from stm32f4xx_hal_spi.o(i.HAL_SPI_Transmit_DMA)
 <LI><a href="#[78]">SPI_DMAHalfTransmitCplt</a> from stm32f4xx_hal_spi.o(i.SPI_DMAHalfTransmitCplt) referenced from stm32f4xx_hal_spi.o(i.HAL_SPI_Transmit_DMA)
 <LI><a href="#[79]">SPI_DMATransmitCplt</a> from stm32f4xx_hal_spi.o(i.SPI_DMATransmitCplt) referenced from stm32f4xx_hal_spi.o(i.HAL_SPI_Transmit_DMA)
 <LI><a href="#[17]">SVC_Handler</a> from stm32f4xx_it.o(i.SVC_Handler) referenced from startup_stm32f429xx.o(RESET)
 <LI><a href="#[1a]">SysTick_Handler</a> from stm32f4xx_it.o(i.SysTick_Handler) referenced from startup_stm32f429xx.o(RESET)
 <LI><a href="#[75]">SystemInit</a> from system_stm32f4xx.o(i.SystemInit) referenced from startup_stm32f429xx.o(.text)
 <LI><a href="#[1d]">TAMP_STAMP_IRQHandler</a> from startup_stm32f429xx.o(.text) referenced from startup_stm32f429xx.o(RESET)
 <LI><a href="#[33]">TIM1_BRK_TIM9_IRQHandler</a> from startup_stm32f429xx.o(.text) referenced from startup_stm32f429xx.o(RESET)
 <LI><a href="#[36]">TIM1_CC_IRQHandler</a> from startup_stm32f429xx.o(.text) referenced from startup_stm32f429xx.o(RESET)
 <LI><a href="#[35]">TIM1_TRG_COM_TIM11_IRQHandler</a> from stm32f4xx_it.o(i.TIM1_TRG_COM_TIM11_IRQHandler) referenced from startup_stm32f429xx.o(RESET)
 <LI><a href="#[34]">TIM1_UP_TIM10_IRQHandler</a> from startup_stm32f429xx.o(.text) referenced from startup_stm32f429xx.o(RESET)
 <LI><a href="#[37]">TIM2_IRQHandler</a> from stm32f4xx_it.o(i.TIM2_IRQHandler) referenced from startup_stm32f429xx.o(RESET)
 <LI><a href="#[38]">TIM3_IRQHandler</a> from startup_stm32f429xx.o(.text) referenced from startup_stm32f429xx.o(RESET)
 <LI><a href="#[39]">TIM4_IRQHandler</a> from startup_stm32f429xx.o(.text) referenced from startup_stm32f429xx.o(RESET)
 <LI><a href="#[4d]">TIM5_IRQHandler</a> from startup_stm32f429xx.o(.text) referenced from startup_stm32f429xx.o(RESET)
 <LI><a href="#[51]">TIM6_DAC_IRQHandler</a> from stm32f4xx_it.o(i.TIM6_DAC_IRQHandler) referenced from startup_stm32f429xx.o(RESET)
 <LI><a href="#[52]">TIM7_IRQHandler</a> from startup_stm32f429xx.o(.text) referenced from startup_stm32f429xx.o(RESET)
 <LI><a href="#[46]">TIM8_BRK_TIM12_IRQHandler</a> from startup_stm32f429xx.o(.text) referenced from startup_stm32f429xx.o(RESET)
 <LI><a href="#[49]">TIM8_CC_IRQHandler</a> from startup_stm32f429xx.o(.text) referenced from startup_stm32f429xx.o(RESET)
 <LI><a href="#[48]">TIM8_TRG_COM_TIM14_IRQHandler</a> from startup_stm32f429xx.o(.text) referenced from startup_stm32f429xx.o(RESET)
 <LI><a href="#[47]">TIM8_UP_TIM13_IRQHandler</a> from startup_stm32f429xx.o(.text) referenced from startup_stm32f429xx.o(RESET)
 <LI><a href="#[4f]">UART4_IRQHandler</a> from startup_stm32f429xx.o(.text) referenced from startup_stm32f429xx.o(RESET)
 <LI><a href="#[50]">UART5_IRQHandler</a> from startup_stm32f429xx.o(.text) referenced from startup_stm32f429xx.o(RESET)
 <LI><a href="#[6c]">UART7_IRQHandler</a> from startup_stm32f429xx.o(.text) referenced from startup_stm32f429xx.o(RESET)
 <LI><a href="#[6d]">UART8_IRQHandler</a> from startup_stm32f429xx.o(.text) referenced from startup_stm32f429xx.o(RESET)
 <LI><a href="#[40]">USART1_IRQHandler</a> from startup_stm32f429xx.o(.text) referenced from startup_stm32f429xx.o(RESET)
 <LI><a href="#[41]">USART2_IRQHandler</a> from startup_stm32f429xx.o(.text) referenced from startup_stm32f429xx.o(RESET)
 <LI><a href="#[42]">USART3_IRQHandler</a> from startup_stm32f429xx.o(.text) referenced from startup_stm32f429xx.o(RESET)
 <LI><a href="#[62]">USART6_IRQHandler</a> from startup_stm32f429xx.o(.text) referenced from startup_stm32f429xx.o(RESET)
 <LI><a href="#[16]">UsageFault_Handler</a> from stm32f4xx_it.o(i.UsageFault_Handler) referenced from startup_stm32f429xx.o(RESET)
 <LI><a href="#[1b]">WWDG_IRQHandler</a> from startup_stm32f429xx.o(.text) referenced from startup_stm32f429xx.o(RESET)
 <LI><a href="#[aa]">Screen1View::setupScreen()</a> from screen1view.o(i._ZN11Screen1View11setupScreenEv) referenced from screen1view.o(.constdata__ZTV11Screen1View)
 <LI><a href="#[ac]">Screen1View::tearDownScreen()</a> from screen1view.o(i._ZN11Screen1View14tearDownScreenEv) referenced from screen1view.o(.constdata__ZTV11Screen1View)
 <LI><a href="#[a8]">Screen1View::~Screen1View()</a> from screen1view.o(i._ZN11Screen1ViewD1Ev) referenced from screen1view.o(.constdata__ZTV11Screen1View)
 <LI><a href="#[b3]">Screen2View::setupScreen()</a> from screen2view.o(i._ZN11Screen2View11setupScreenEv) referenced from screen2view.o(.constdata__ZTV11Screen2View)
 <LI><a href="#[b4]">Screen2View::tearDownScreen()</a> from screen2view.o(i._ZN11Screen2View14tearDownScreenEv) referenced from screen2view.o(.constdata__ZTV11Screen2View)
 <LI><a href="#[b5]">Screen2View::function1()</a> from screen2view.o(i._ZN11Screen2View9function1Ev) referenced from screen2view.o(.constdata__ZTV11Screen2View)
 <LI><a href="#[b6]">Screen2View::function2()</a> from screen2view.o(i._ZN11Screen2View9function2Ev) referenced from screen2view.o(.constdata__ZTV11Screen2View)
 <LI><a href="#[b2]">Screen2View::~Screen2View()</a> from screen2view.o(i._ZN11Screen2ViewD1Ev) referenced from screen2view.o(.constdata__ZTV11Screen2View)
 <LI><a href="#[b8]">Screen3View::setupScreen()</a> from screen3view.o(i._ZN11Screen3View11setupScreenEv) referenced from screen3view.o(.constdata__ZTV11Screen3View)
 <LI><a href="#[b9]">Screen3View::tearDownScreen()</a> from screen3view.o(i._ZN11Screen3View14tearDownScreenEv) referenced from screen3view.o(.constdata__ZTV11Screen3View)
 <LI><a href="#[b7]">Screen3View::~Screen3View()</a> from screen3view.o(i._ZN11Screen3ViewD1Ev) referenced from screen3view.o(.constdata__ZTV11Screen3View)
 <LI><a href="#[bb]">Screen4View::setupScreen()</a> from screen4view.o(i._ZN11Screen4View11setupScreenEv) referenced from screen4view.o(.constdata__ZTV11Screen4View)
 <LI><a href="#[bc]">Screen4View::tearDownScreen()</a> from screen4view.o(i._ZN11Screen4View14tearDownScreenEv) referenced from screen4view.o(.constdata__ZTV11Screen4View)
 <LI><a href="#[ba]">Screen4View::~Screen4View()</a> from screen4view.o(i._ZN11Screen4ViewD1Ev) referenced from screen4view.o(.constdata__ZTV11Screen4View)
 <LI><a href="#[be]">Screen5View::setupScreen()</a> from screen5view.o(i._ZN11Screen5View11setupScreenEv) referenced from screen5view.o(.constdata__ZTV11Screen5View)
 <LI><a href="#[bf]">Screen5View::tearDownScreen()</a> from screen5view.o(i._ZN11Screen5View14tearDownScreenEv) referenced from screen5view.o(.constdata__ZTV11Screen5View)
 <LI><a href="#[c1]">Screen5View::function1()</a> from screen5view.o(i._ZN11Screen5View9function1Ev) referenced from screen5view.o(.constdata__ZTV11Screen5View)
 <LI><a href="#[bd]">Screen5View::~Screen5View()</a> from screen5view.o(i._ZN11Screen5ViewD1Ev) referenced from screen5view.o(.constdata__ZTV11Screen5View)
 <LI><a href="#[dc]">TouchGFXHAL::beginFrame()</a> from touchgfxhal.o(i._ZN11TouchGFXHAL10beginFrameEv) referenced from touchgfxhal.o(.constdata__ZTV11TouchGFXHAL)
 <LI><a href="#[c3]">TouchGFXHAL::initialize()</a> from touchgfxhal.o(i._ZN11TouchGFXHAL10initializeEv) referenced from touchgfxhal.o(.constdata__ZTV11TouchGFXHAL)
 <LI><a href="#[d5]">TouchGFXHAL::enableInterrupts()</a> from touchgfxhal.o(i._ZN11TouchGFXHAL16enableInterruptsEv) referenced from touchgfxhal.o(.constdata__ZTV11TouchGFXHAL)
 <LI><a href="#[c4]">TouchGFXHAL::flushFrameBuffer(const touchgfx::Rect&)</a> from touchgfxhal.o(i._ZN11TouchGFXHAL16flushFrameBufferERKN8touchgfx4RectE) referenced from touchgfxhal.o(.constdata__ZTV11TouchGFXHAL)
 <LI><a href="#[d6]">TouchGFXHAL::disableInterrupts()</a> from touchgfxhal.o(i._ZN11TouchGFXHAL17disableInterruptsEv) referenced from touchgfxhal.o(.constdata__ZTV11TouchGFXHAL)
 <LI><a href="#[de]">TouchGFXHAL::setTFTFrameBuffer(unsigned short*)</a> from touchgfxhal.o(i._ZN11TouchGFXHAL17setTFTFrameBufferEPt) referenced from touchgfxhal.o(.constdata__ZTV11TouchGFXHAL)
 <LI><a href="#[d4]">TouchGFXHAL::configureInterrupts()</a> from touchgfxhal.o(i._ZN11TouchGFXHAL19configureInterruptsEv) referenced from touchgfxhal.o(.constdata__ZTV11TouchGFXHAL)
 <LI><a href="#[d7]">TouchGFXHAL::enableLCDControllerInterrupt()</a> from touchgfxhal.o(i._ZN11TouchGFXHAL28enableLCDControllerInterruptEv) referenced from touchgfxhal.o(.constdata__ZTV11TouchGFXHAL)
 <LI><a href="#[dd]">TouchGFXHAL::endFrame()</a> from touchgfxhal.o(i._ZN11TouchGFXHAL8endFrameEv) referenced from touchgfxhal.o(.constdata__ZTV11TouchGFXHAL)
 <LI><a href="#[c9]">TouchGFXHAL::blockCopy(void*, const void*, unsigned)</a> from touchgfxhal.o(i._ZN11TouchGFXHAL9blockCopyEPvPKvj) referenced from touchgfxhal.o(.constdata__ZTV11TouchGFXHAL)
 <LI><a href="#[9e]">TouchGFXHAL::~TouchGFXHAL()</a> from touchgfxconfiguration.o(i._ZN11TouchGFXHALD1Ev) referenced from touchgfxhal.o(.constdata__ZTV11TouchGFXHAL)
 <LI><a href="#[9e]">TouchGFXHAL::~TouchGFXHAL()</a> from touchgfxconfiguration.o(i._ZN11TouchGFXHALD1Ev) referenced from touchgfxconfiguration.o(i.__sti___25_TouchGFXConfiguration_cpp_f5abfd34)
 <LI><a href="#[9f]">FrontendHeap::~FrontendHeap()</a> from touchgfxconfiguration.o(i._ZN12FrontendHeapD1Ev) referenced from touchgfxconfiguration.o(.constdata__ZTV12FrontendHeap)
 <LI><a href="#[9f]">FrontendHeap::~FrontendHeap()</a> from touchgfxconfiguration.o(i._ZN12FrontendHeapD1Ev) referenced from touchgfxconfiguration.o(i.touchgfx_init)
 <LI><a href="#[e5]">Screen1ViewBase::setupScreen()</a> from screen1viewbase.o(i._ZN15Screen1ViewBase11setupScreenEv) referenced from screen1viewbase.o(.constdata__ZTV15Screen1ViewBase)
 <LI><a href="#[a5]">Screen1ViewBase::buttonCallbackHandler(const touchgfx::AbstractButton&)</a> from screen1viewbase.o(i._ZN15Screen1ViewBase21buttonCallbackHandlerERKN8touchgfx14AbstractButtonE) referenced from screen1viewbase.o(.constdata)
 <LI><a href="#[e4]">Screen1ViewBase::~Screen1ViewBase()</a> from screen1viewbase.o(i._ZN15Screen1ViewBaseD1Ev) referenced from screen1viewbase.o(.constdata__ZTV15Screen1ViewBase)
 <LI><a href="#[e8]">Screen2ViewBase::setupScreen()</a> from screen2viewbase.o(i._ZN15Screen2ViewBase11setupScreenEv) referenced from screen2viewbase.o(.constdata__ZTV15Screen2ViewBase)
 <LI><a href="#[a6]">Screen2ViewBase::buttonCallbackHandler(const touchgfx::AbstractButton&)</a> from screen2viewbase.o(i._ZN15Screen2ViewBase21buttonCallbackHandlerERKN8touchgfx14AbstractButtonE) referenced from screen2viewbase.o(.constdata)
 <LI><a href="#[e9]">Screen2ViewBase::function1()</a> from screen2viewbase.o(i._ZN15Screen2ViewBase9function1Ev) referenced from screen2viewbase.o(.constdata__ZTV15Screen2ViewBase)
 <LI><a href="#[ea]">Screen2ViewBase::function2()</a> from screen2viewbase.o(i._ZN15Screen2ViewBase9function2Ev) referenced from screen2viewbase.o(.constdata__ZTV15Screen2ViewBase)
 <LI><a href="#[e7]">Screen2ViewBase::~Screen2ViewBase()</a> from screen2viewbase.o(i._ZN15Screen2ViewBaseD1Ev) referenced from screen2viewbase.o(.constdata__ZTV15Screen2ViewBase)
 <LI><a href="#[ec]">Screen3ViewBase::setupScreen()</a> from screen3viewbase.o(i._ZN15Screen3ViewBase11setupScreenEv) referenced from screen3viewbase.o(.constdata__ZTV15Screen3ViewBase)
 <LI><a href="#[a7]">Screen3ViewBase::buttonCallbackHandler(const touchgfx::AbstractButton&)</a> from screen3viewbase.o(i._ZN15Screen3ViewBase21buttonCallbackHandlerERKN8touchgfx14AbstractButtonE) referenced from screen3viewbase.o(.constdata)
 <LI><a href="#[eb]">Screen3ViewBase::~Screen3ViewBase()</a> from screen3viewbase.o(i._ZN15Screen3ViewBaseD1Ev) referenced from screen3viewbase.o(.constdata__ZTV15Screen3ViewBase)
 <LI><a href="#[ee]">Screen4ViewBase::setupScreen()</a> from screen4viewbase.o(i._ZN15Screen4ViewBase11setupScreenEv) referenced from screen4viewbase.o(.constdata__ZTV15Screen4ViewBase)
 <LI><a href="#[ed]">Screen4ViewBase::~Screen4ViewBase()</a> from screen4viewbase.o(i._ZN15Screen4ViewBaseD1Ev) referenced from screen4viewbase.o(.constdata__ZTV15Screen4ViewBase)
 <LI><a href="#[f0]">Screen5ViewBase::setupScreen()</a> from screen5viewbase.o(i._ZN15Screen5ViewBase11setupScreenEv) referenced from screen5viewbase.o(.constdata__ZTV15Screen5ViewBase)
 <LI><a href="#[c0]">Screen5ViewBase::handleKeyEvent(unsigned char)</a> from screen5viewbase.o(i._ZN15Screen5ViewBase14handleKeyEventEh) referenced from screen5view.o(.constdata__ZTV11Screen5View)
 <LI><a href="#[c0]">Screen5ViewBase::handleKeyEvent(unsigned char)</a> from screen5viewbase.o(i._ZN15Screen5ViewBase14handleKeyEventEh) referenced from screen5viewbase.o(.constdata__ZTV15Screen5ViewBase)
 <LI><a href="#[f1]">Screen5ViewBase::function1()</a> from screen5viewbase.o(i._ZN15Screen5ViewBase9function1Ev) referenced from screen5viewbase.o(.constdata__ZTV15Screen5ViewBase)
 <LI><a href="#[ef]">Screen5ViewBase::~Screen5ViewBase()</a> from screen5viewbase.o(i._ZN15Screen5ViewBaseD1Ev) referenced from screen5viewbase.o(.constdata__ZTV15Screen5ViewBase)
 <LI><a href="#[f3]">Screen1Presenter::deactivate()</a> from screen1presenter.o(i._ZN16Screen1Presenter10deactivateEv) referenced from screen1presenter.o(.constdata__ZTV16Screen1Presenter)
 <LI><a href="#[f2]">Screen1Presenter::activate()</a> from screen1presenter.o(i._ZN16Screen1Presenter8activateEv) referenced from screen1presenter.o(.constdata__ZTV16Screen1Presenter)
 <LI><a href="#[f4]">Screen1Presenter::~Screen1Presenter()</a> from screen1presenter.o(i._ZN16Screen1PresenterD1Ev) referenced from screen1presenter.o(.constdata__ZTV16Screen1Presenter)
 <LI><a href="#[f6]">Screen2Presenter::deactivate()</a> from screen2presenter.o(i._ZN16Screen2Presenter10deactivateEv) referenced from screen2presenter.o(.constdata__ZTV16Screen2Presenter)
 <LI><a href="#[f5]">Screen2Presenter::activate()</a> from screen2presenter.o(i._ZN16Screen2Presenter8activateEv) referenced from screen2presenter.o(.constdata__ZTV16Screen2Presenter)
 <LI><a href="#[f7]">Screen2Presenter::~Screen2Presenter()</a> from screen2presenter.o(i._ZN16Screen2PresenterD1Ev) referenced from screen2presenter.o(.constdata__ZTV16Screen2Presenter)
 <LI><a href="#[f9]">Screen3Presenter::deactivate()</a> from screen3presenter.o(i._ZN16Screen3Presenter10deactivateEv) referenced from screen3presenter.o(.constdata__ZTV16Screen3Presenter)
 <LI><a href="#[f8]">Screen3Presenter::activate()</a> from screen3presenter.o(i._ZN16Screen3Presenter8activateEv) referenced from screen3presenter.o(.constdata__ZTV16Screen3Presenter)
 <LI><a href="#[fa]">Screen3Presenter::~Screen3Presenter()</a> from screen3presenter.o(i._ZN16Screen3PresenterD1Ev) referenced from screen3presenter.o(.constdata__ZTV16Screen3Presenter)
 <LI><a href="#[fc]">Screen4Presenter::deactivate()</a> from screen4presenter.o(i._ZN16Screen4Presenter10deactivateEv) referenced from screen4presenter.o(.constdata__ZTV16Screen4Presenter)
 <LI><a href="#[fb]">Screen4Presenter::activate()</a> from screen4presenter.o(i._ZN16Screen4Presenter8activateEv) referenced from screen4presenter.o(.constdata__ZTV16Screen4Presenter)
 <LI><a href="#[fd]">Screen4Presenter::~Screen4Presenter()</a> from screen4presenter.o(i._ZN16Screen4PresenterD1Ev) referenced from screen4presenter.o(.constdata__ZTV16Screen4Presenter)
 <LI><a href="#[ff]">Screen5Presenter::deactivate()</a> from screen5presenter.o(i._ZN16Screen5Presenter10deactivateEv) referenced from screen5presenter.o(.constdata__ZTV16Screen5Presenter)
 <LI><a href="#[fe]">Screen5Presenter::activate()</a> from screen5presenter.o(i._ZN16Screen5Presenter8activateEv) referenced from screen5presenter.o(.constdata__ZTV16Screen5Presenter)
 <LI><a href="#[100]">Screen5Presenter::~Screen5Presenter()</a> from screen5presenter.o(i._ZN16Screen5PresenterD1Ev) referenced from screen5presenter.o(.constdata__ZTV16Screen5Presenter)
 <LI><a href="#[105]">FrontendApplication::handleTickEvent()</a> from frontendapplication.o(i._ZN19FrontendApplication15handleTickEventEv) referenced from frontendapplication.o(.constdata__ZTV19FrontendApplication)
 <LI><a href="#[10b]">STM32TouchController::sampleTouch(int&, int&)</a> from stm32touchcontroller.o(i._ZN20STM32TouchController11sampleTouchERiS0_) referenced from stm32touchcontroller.o(.constdata__ZTV20STM32TouchController)
 <LI><a href="#[10a]">STM32TouchController::init()</a> from stm32touchcontroller.o(i._ZN20STM32TouchController4initEv) referenced from stm32touchcontroller.o(.constdata__ZTV20STM32TouchController)
 <LI><a href="#[9a]">STM32TouchController::~STM32TouchController()</a> from touchgfxconfiguration.o(i._ZN20STM32TouchControllerD1Ev) referenced from stm32touchcontroller.o(.constdata__ZTV20STM32TouchController)
 <LI><a href="#[9a]">STM32TouchController::~STM32TouchController()</a> from touchgfxconfiguration.o(i._ZN20STM32TouchControllerD1Ev) referenced from touchgfxconfiguration.o(i.__sti___25_TouchGFXConfiguration_cpp_f5abfd34)
 <LI><a href="#[9d]">ApplicationFontProvider::~ApplicationFontProvider()</a> from touchgfxconfiguration.o(i._ZN23ApplicationFontProviderD1Ev) referenced from applicationfontprovider.o(.constdata__ZTV23ApplicationFontProvider)
 <LI><a href="#[9d]">ApplicationFontProvider::~ApplicationFontProvider()</a> from touchgfxconfiguration.o(i._ZN23ApplicationFontProviderD1Ev) referenced from touchgfxconfiguration.o(i.__sti___25_TouchGFXConfiguration_cpp_f5abfd34)
 <LI><a href="#[a0]">FrontendApplicationBase::gotoScreen1ScreenNoTransitionImpl()</a> from frontendapplicationbase.o(i._ZN23FrontendApplicationBase33gotoScreen1ScreenNoTransitionImplEv) referenced from frontendapplicationbase.o(.constdata)
 <LI><a href="#[a1]">FrontendApplicationBase::gotoScreen2ScreenNoTransitionImpl()</a> from frontendapplicationbase.o(i._ZN23FrontendApplicationBase33gotoScreen2ScreenNoTransitionImplEv) referenced from frontendapplicationbase.o(.constdata)
 <LI><a href="#[a2]">FrontendApplicationBase::gotoScreen3ScreenNoTransitionImpl()</a> from frontendapplicationbase.o(i._ZN23FrontendApplicationBase33gotoScreen3ScreenNoTransitionImplEv) referenced from frontendapplicationbase.o(.constdata)
 <LI><a href="#[a3]">FrontendApplicationBase::gotoScreen4ScreenNoTransitionImpl()</a> from frontendapplicationbase.o(i._ZN23FrontendApplicationBase33gotoScreen4ScreenNoTransitionImplEv) referenced from frontendapplicationbase.o(.constdata)
 <LI><a href="#[a4]">FrontendApplicationBase::gotoScreen5ScreenSlideTransitionEastImpl()</a> from frontendapplicationbase.o(i._ZN23FrontendApplicationBase40gotoScreen5ScreenSlideTransitionEastImplEv) referenced from frontendapplicationbase.o(.constdata)
 <LI><a href="#[10d]">FrontendApplicationBase::~FrontendApplicationBase()</a> from touchgfxconfiguration.o(i._ZN23FrontendApplicationBaseD1Ev) referenced from touchgfxconfiguration.o(.constdata__ZTV23FrontendApplicationBase)
 <LI><a href="#[10e]">STM32DMA::getBlitCaps()</a> from stm32dma.o(i._ZN8STM32DMA11getBlitCapsEv) referenced from stm32dma.o(.constdata__ZTV8STM32DMA)
 <LI><a href="#[115]">STM32DMA::setupDataCopy(const touchgfx::BlitOp&)</a> from stm32dma.o(i._ZN8STM32DMA13setupDataCopyERKN8touchgfx6BlitOpE) referenced from stm32dma.o(.constdata__ZTV8STM32DMA)
 <LI><a href="#[116]">STM32DMA::setupDataFill(const touchgfx::BlitOp&)</a> from stm32dma.o(i._ZN8STM32DMA13setupDataFillERKN8touchgfx6BlitOpE) referenced from stm32dma.o(.constdata__ZTV8STM32DMA)
 <LI><a href="#[110]">STM32DMA::flush()</a> from stm32dma.o(i._ZN8STM32DMA5flushEv) referenced from stm32dma.o(.constdata__ZTV8STM32DMA)
 <LI><a href="#[9b]">STM32DMA::~STM32DMA()</a> from touchgfxconfiguration.o(i._ZN8STM32DMAD1Ev) referenced from stm32dma.o(.constdata__ZTV8STM32DMA)
 <LI><a href="#[9b]">STM32DMA::~STM32DMA()</a> from touchgfxconfiguration.o(i._ZN8STM32DMAD1Ev) referenced from touchgfxconfiguration.o(i.__sti___25_TouchGFXConfiguration_cpp_f5abfd34)
 <LI><a href="#[11d]">touchgfx::Transition::invalidate()</a> from frontendapplicationbase.o(i._ZN8touchgfx10Transition10invalidateEv) referenced from frontendapplicationbase.o(.constdata__ZTVN8touchgfx10TransitionE)
 <LI><a href="#[11d]">touchgfx::Transition::invalidate()</a> from frontendapplicationbase.o(i._ZN8touchgfx10Transition10invalidateEv) referenced from frontendapplicationbase.o(.constdata__ZTVN8touchgfx12NoTransitionE)
 <LI><a href="#[11d]">touchgfx::Transition::invalidate()</a> from frontendapplicationbase.o(i._ZN8touchgfx10Transition10invalidateEv) referenced from frontendapplicationbase.o(.constdata__ZTVN8touchgfx15SlideTransitionILNS_9DirectionE2EEE)
 <LI><a href="#[11a]">touchgfx::Transition::handleTickEvent()</a> from frontendapplicationbase.o(i._ZN8touchgfx10Transition15handleTickEventEv) referenced from frontendapplicationbase.o(.constdata__ZTVN8touchgfx10TransitionE)
 <LI><a href="#[11e]">touchgfx::Transition::setScreenContainer(touchgfx::Container&)</a> from frontendapplicationbase.o(i._ZN8touchgfx10Transition18setScreenContainerERNS_9ContainerE) referenced from frontendapplicationbase.o(.constdata__ZTVN8touchgfx10TransitionE)
 <LI><a href="#[11e]">touchgfx::Transition::setScreenContainer(touchgfx::Container&)</a> from frontendapplicationbase.o(i._ZN8touchgfx10Transition18setScreenContainerERNS_9ContainerE) referenced from frontendapplicationbase.o(.constdata__ZTVN8touchgfx12NoTransitionE)
 <LI><a href="#[11e]">touchgfx::Transition::setScreenContainer(touchgfx::Container&)</a> from frontendapplicationbase.o(i._ZN8touchgfx10Transition18setScreenContainerERNS_9ContainerE) referenced from frontendapplicationbase.o(.constdata__ZTVN8touchgfx15SlideTransitionILNS_9DirectionE2EEE)
 <LI><a href="#[11c]">touchgfx::Transition::init()</a> from frontendapplicationbase.o(i._ZN8touchgfx10Transition4initEv) referenced from frontendapplicationbase.o(.constdata__ZTVN8touchgfx10TransitionE)
 <LI><a href="#[11c]">touchgfx::Transition::init()</a> from frontendapplicationbase.o(i._ZN8touchgfx10Transition4initEv) referenced from frontendapplicationbase.o(.constdata__ZTVN8touchgfx12NoTransitionE)
 <LI><a href="#[11b]">touchgfx::Transition::tearDown()</a> from frontendapplicationbase.o(i._ZN8touchgfx10Transition8tearDownEv) referenced from frontendapplicationbase.o(.constdata__ZTVN8touchgfx10TransitionE)
 <LI><a href="#[11b]">touchgfx::Transition::tearDown()</a> from frontendapplicationbase.o(i._ZN8touchgfx10Transition8tearDownEv) referenced from frontendapplicationbase.o(.constdata__ZTVN8touchgfx12NoTransitionE)
 <LI><a href="#[119]">touchgfx::Transition::~Transition()</a> from frontendapplicationbase.o(i._ZN8touchgfx10TransitionD1Ev) referenced from frontendapplicationbase.o(.constdata__ZTVN8touchgfx10TransitionE)
 <LI><a href="#[104]">touchgfx::Application::handleKeyEvent(unsigned char)</a> from application.o(i._ZN8touchgfx11Application14handleKeyEventEh) referenced from frontendapplication.o(.constdata__ZTV19FrontendApplication)
 <LI><a href="#[104]">touchgfx::Application::handleKeyEvent(unsigned char)</a> from application.o(i._ZN8touchgfx11Application14handleKeyEventEh) referenced from touchgfxconfiguration.o(.constdata__ZTV23FrontendApplicationBase)
 <LI><a href="#[104]">touchgfx::Application::handleKeyEvent(unsigned char)</a> from application.o(i._ZN8touchgfx11Application14handleKeyEventEh) referenced from application.o(.constdata__ZTVN8touchgfx11ApplicationE)
 <LI><a href="#[104]">touchgfx::Application::handleKeyEvent(unsigned char)</a> from application.o(i._ZN8touchgfx11Application14handleKeyEventEh) referenced from frontendapplicationbase.o(.constdata__ZTVN8touchgfx14MVPApplicationE)
 <LI><a href="#[108]">touchgfx::Application::drawCachedAreas()</a> from application.o(i._ZN8touchgfx11Application15drawCachedAreasEv) referenced from frontendapplication.o(.constdata__ZTV19FrontendApplication)
 <LI><a href="#[108]">touchgfx::Application::drawCachedAreas()</a> from application.o(i._ZN8touchgfx11Application15drawCachedAreasEv) referenced from touchgfxconfiguration.o(.constdata__ZTV23FrontendApplicationBase)
 <LI><a href="#[108]">touchgfx::Application::drawCachedAreas()</a> from application.o(i._ZN8touchgfx11Application15drawCachedAreasEv) referenced from application.o(.constdata__ZTVN8touchgfx11ApplicationE)
 <LI><a href="#[108]">touchgfx::Application::drawCachedAreas()</a> from application.o(i._ZN8touchgfx11Application15drawCachedAreasEv) referenced from frontendapplicationbase.o(.constdata__ZTVN8touchgfx14MVPApplicationE)
 <LI><a href="#[102]">touchgfx::Application::handleDragEvent(const touchgfx::DragEvent&)</a> from application.o(i._ZN8touchgfx11Application15handleDragEventERKNS_9DragEventE) referenced from frontendapplication.o(.constdata__ZTV19FrontendApplication)
 <LI><a href="#[102]">touchgfx::Application::handleDragEvent(const touchgfx::DragEvent&)</a> from application.o(i._ZN8touchgfx11Application15handleDragEventERKNS_9DragEventE) referenced from touchgfxconfiguration.o(.constdata__ZTV23FrontendApplicationBase)
 <LI><a href="#[102]">touchgfx::Application::handleDragEvent(const touchgfx::DragEvent&)</a> from application.o(i._ZN8touchgfx11Application15handleDragEventERKNS_9DragEventE) referenced from application.o(.constdata__ZTVN8touchgfx11ApplicationE)
 <LI><a href="#[102]">touchgfx::Application::handleDragEvent(const touchgfx::DragEvent&)</a> from application.o(i._ZN8touchgfx11Application15handleDragEventERKNS_9DragEventE) referenced from frontendapplicationbase.o(.constdata__ZTVN8touchgfx14MVPApplicationE)
 <LI><a href="#[10c]">touchgfx::Application::handleTickEvent()</a> from application.o(i._ZN8touchgfx11Application15handleTickEventEv) referenced from touchgfxconfiguration.o(.constdata__ZTV23FrontendApplicationBase)
 <LI><a href="#[10c]">touchgfx::Application::handleTickEvent()</a> from application.o(i._ZN8touchgfx11Application15handleTickEventEv) referenced from application.o(.constdata__ZTVN8touchgfx11ApplicationE)
 <LI><a href="#[10c]">touchgfx::Application::handleTickEvent()</a> from application.o(i._ZN8touchgfx11Application15handleTickEventEv) referenced from frontendapplicationbase.o(.constdata__ZTVN8touchgfx14MVPApplicationE)
 <LI><a href="#[107]">touchgfx::Application::clearCachedAreas()</a> from application.o(i._ZN8touchgfx11Application16clearCachedAreasEv) referenced from frontendapplication.o(.constdata__ZTV19FrontendApplication)
 <LI><a href="#[107]">touchgfx::Application::clearCachedAreas()</a> from application.o(i._ZN8touchgfx11Application16clearCachedAreasEv) referenced from touchgfxconfiguration.o(.constdata__ZTV23FrontendApplicationBase)
 <LI><a href="#[107]">touchgfx::Application::clearCachedAreas()</a> from application.o(i._ZN8touchgfx11Application16clearCachedAreasEv) referenced from application.o(.constdata__ZTVN8touchgfx11ApplicationE)
 <LI><a href="#[107]">touchgfx::Application::clearCachedAreas()</a> from application.o(i._ZN8touchgfx11Application16clearCachedAreasEv) referenced from frontendapplicationbase.o(.constdata__ZTVN8touchgfx14MVPApplicationE)
 <LI><a href="#[101]">touchgfx::Application::handleClickEvent(const touchgfx::ClickEvent&)</a> from application.o(i._ZN8touchgfx11Application16handleClickEventERKNS_10ClickEventE) referenced from frontendapplication.o(.constdata__ZTV19FrontendApplication)
 <LI><a href="#[101]">touchgfx::Application::handleClickEvent(const touchgfx::ClickEvent&)</a> from application.o(i._ZN8touchgfx11Application16handleClickEventERKNS_10ClickEventE) referenced from touchgfxconfiguration.o(.constdata__ZTV23FrontendApplicationBase)
 <LI><a href="#[101]">touchgfx::Application::handleClickEvent(const touchgfx::ClickEvent&)</a> from application.o(i._ZN8touchgfx11Application16handleClickEventERKNS_10ClickEventE) referenced from application.o(.constdata__ZTVN8touchgfx11ApplicationE)
 <LI><a href="#[101]">touchgfx::Application::handleClickEvent(const touchgfx::ClickEvent&)</a> from application.o(i._ZN8touchgfx11Application16handleClickEventERKNS_10ClickEventE) referenced from frontendapplicationbase.o(.constdata__ZTVN8touchgfx14MVPApplicationE)
 <LI><a href="#[103]">touchgfx::Application::handleGestureEvent(const touchgfx::GestureEvent&)</a> from application.o(i._ZN8touchgfx11Application18handleGestureEventERKNS_12GestureEventE) referenced from frontendapplication.o(.constdata__ZTV19FrontendApplication)
 <LI><a href="#[103]">touchgfx::Application::handleGestureEvent(const touchgfx::GestureEvent&)</a> from application.o(i._ZN8touchgfx11Application18handleGestureEventERKNS_12GestureEventE) referenced from touchgfxconfiguration.o(.constdata__ZTV23FrontendApplicationBase)
 <LI><a href="#[103]">touchgfx::Application::handleGestureEvent(const touchgfx::GestureEvent&)</a> from application.o(i._ZN8touchgfx11Application18handleGestureEventERKNS_12GestureEventE) referenced from application.o(.constdata__ZTVN8touchgfx11ApplicationE)
 <LI><a href="#[103]">touchgfx::Application::handleGestureEvent(const touchgfx::GestureEvent&)</a> from application.o(i._ZN8touchgfx11Application18handleGestureEventERKNS_12GestureEventE) referenced from frontendapplicationbase.o(.constdata__ZTVN8touchgfx14MVPApplicationE)
 <LI><a href="#[11f]">touchgfx::Application::handlePendingScreenTransition()</a> from application.o(i._ZN8touchgfx11Application29handlePendingScreenTransitionEv) referenced from application.o(.constdata__ZTVN8touchgfx11ApplicationE)
 <LI><a href="#[109]">touchgfx::Application::draw(touchgfx::Rect&)</a> from application.o(i._ZN8touchgfx11Application4drawERNS_4RectE) referenced from frontendapplication.o(.constdata__ZTV19FrontendApplication)
 <LI><a href="#[109]">touchgfx::Application::draw(touchgfx::Rect&)</a> from application.o(i._ZN8touchgfx11Application4drawERNS_4RectE) referenced from touchgfxconfiguration.o(.constdata__ZTV23FrontendApplicationBase)
 <LI><a href="#[109]">touchgfx::Application::draw(touchgfx::Rect&)</a> from application.o(i._ZN8touchgfx11Application4drawERNS_4RectE) referenced from application.o(.constdata__ZTVN8touchgfx11ApplicationE)
 <LI><a href="#[109]">touchgfx::Application::draw(touchgfx::Rect&)</a> from application.o(i._ZN8touchgfx11Application4drawERNS_4RectE) referenced from frontendapplicationbase.o(.constdata__ZTVN8touchgfx14MVPApplicationE)
 <LI><a href="#[121]">touchgfx::NoTransition::handleTickEvent()</a> from frontendapplicationbase.o(i._ZN8touchgfx12NoTransition15handleTickEventEv) referenced from frontendapplicationbase.o(.constdata__ZTVN8touchgfx12NoTransitionE)
 <LI><a href="#[120]">touchgfx::NoTransition::~NoTransition()</a> from frontendapplicationbase.o(i._ZN8touchgfx12NoTransitionD1Ev) referenced from frontendapplicationbase.o(.constdata__ZTVN8touchgfx12NoTransitionE)
 <LI><a href="#[12e]">touchgfx::ToggleButton::handleClickEvent(const touchgfx::ClickEvent&)</a> from togglebutton.o(i._ZN8touchgfx12ToggleButton16handleClickEventERKNS_10ClickEventE) referenced from togglebutton.o(.constdata__ZTVN8touchgfx12ToggleButtonE)
 <LI><a href="#[10f]">touchgfx::DMA_Interface::addToQueue(const touchgfx::BlitOp&)</a> from dma.o(i._ZN8touchgfx13DMA_Interface10addToQueueERKNS_6BlitOpE) referenced from stm32dma.o(.constdata__ZTV8STM32DMA)
 <LI><a href="#[111]">touchgfx::DMA_Interface::initialize()</a> from dma.o(i._ZN8touchgfx13DMA_Interface10initializeEv) referenced from stm32dma.o(.constdata__ZTV8STM32DMA)
 <LI><a href="#[117]">touchgfx::DMA_Interface::enableAlpha(unsigned char)</a> from dma.o(i._ZN8touchgfx13DMA_Interface11enableAlphaEh) referenced from stm32dma.o(.constdata__ZTV8STM32DMA)
 <LI><a href="#[118]">touchgfx::DMA_Interface::disableAlpha()</a> from dma.o(i._ZN8touchgfx13DMA_Interface12disableAlphaEv) referenced from stm32dma.o(.constdata__ZTV8STM32DMA)
 <LI><a href="#[114]">touchgfx::DMA_Interface::seedExecution()</a> from dma.o(i._ZN8touchgfx13DMA_Interface13seedExecutionEv) referenced from stm32dma.o(.constdata__ZTV8STM32DMA)
 <LI><a href="#[112]">touchgfx::DMA_Interface::start()</a> from dma.o(i._ZN8touchgfx13DMA_Interface5startEv) referenced from stm32dma.o(.constdata__ZTV8STM32DMA)
 <LI><a href="#[113]">touchgfx::DMA_Interface::execute()</a> from dma.o(i._ZN8touchgfx13DMA_Interface7executeEv) referenced from stm32dma.o(.constdata__ZTV8STM32DMA)
 <LI><a href="#[7b]">touchgfx::GeneratedFont::~GeneratedFont()</a> from generatedfont.o(i._ZN8touchgfx13GeneratedFontD1Ev) referenced from generatedfont.o(.constdata__ZTVN8touchgfx13GeneratedFontE)
 <LI><a href="#[7b]">touchgfx::GeneratedFont::~GeneratedFont()</a> from generatedfont.o(i._ZN8touchgfx13GeneratedFontD1Ev) referenced from table_verdana_10_4bpp.o(i._Z23getFont_verdana_10_4bppv)
 <LI><a href="#[7b]">touchgfx::GeneratedFont::~GeneratedFont()</a> from generatedfont.o(i._ZN8touchgfx13GeneratedFontD1Ev) referenced from table_verdana_20_4bpp.o(i._Z23getFont_verdana_20_4bppv)
 <LI><a href="#[7b]">touchgfx::GeneratedFont::~GeneratedFont()</a> from generatedfont.o(i._ZN8touchgfx13GeneratedFontD1Ev) referenced from table_verdana_25_4bpp.o(i._Z23getFont_verdana_25_4bppv)
 <LI><a href="#[7b]">touchgfx::GeneratedFont::~GeneratedFont()</a> from generatedfont.o(i._ZN8touchgfx13GeneratedFontD1Ev) referenced from table_verdana_40_4bpp.o(i._Z23getFont_verdana_40_4bppv)
 <LI><a href="#[134]">touchgfx::AbstractButton::executeAction()</a> from button.o(i._ZN8touchgfx14AbstractButton13executeActionEv) referenced from togglebutton.o(.constdata__ZTVN8touchgfx12ToggleButtonE)
 <LI><a href="#[134]">touchgfx::AbstractButton::executeAction()</a> from button.o(i._ZN8touchgfx14AbstractButton13executeActionEv) referenced from buttonwithlabel.o(.constdata__ZTVN8touchgfx15ButtonWithLabelE)
 <LI><a href="#[134]">touchgfx::AbstractButton::executeAction()</a> from button.o(i._ZN8touchgfx14AbstractButton13executeActionEv) referenced from button.o(.constdata__ZTVN8touchgfx6ButtonE)
 <LI><a href="#[14d]">touchgfx::AbstractButton::handleClickEvent(const touchgfx::ClickEvent&)</a> from abstractbutton.o(i._ZN8touchgfx14AbstractButton16handleClickEventERKNS_10ClickEventE) referenced from buttonwithlabel.o(.constdata__ZTVN8touchgfx15ButtonWithLabelE)
 <LI><a href="#[14d]">touchgfx::AbstractButton::handleClickEvent(const touchgfx::ClickEvent&)</a> from abstractbutton.o(i._ZN8touchgfx14AbstractButton16handleClickEventERKNS_10ClickEventE) referenced from button.o(.constdata__ZTVN8touchgfx6ButtonE)
 <LI><a href="#[106]">touchgfx::MVPApplication::handlePendingScreenTransition()</a> from touchgfxconfiguration.o(i._ZN8touchgfx14MVPApplication29handlePendingScreenTransitionEv) referenced from frontendapplication.o(.constdata__ZTV19FrontendApplication)
 <LI><a href="#[106]">touchgfx::MVPApplication::handlePendingScreenTransition()</a> from touchgfxconfiguration.o(i._ZN8touchgfx14MVPApplication29handlePendingScreenTransitionEv) referenced from touchgfxconfiguration.o(.constdata__ZTV23FrontendApplicationBase)
 <LI><a href="#[106]">touchgfx::MVPApplication::handlePendingScreenTransition()</a> from touchgfxconfiguration.o(i._ZN8touchgfx14MVPApplication29handlePendingScreenTransitionEv) referenced from frontendapplicationbase.o(.constdata__ZTVN8touchgfx14MVPApplicationE)
 <LI><a href="#[14a]">touchgfx::SnapshotWidget::makeSnapshot(unsigned short)</a> from snapshotwidget.o(i._ZN8touchgfx14SnapshotWidget12makeSnapshotEt) referenced from snapshotwidget.o(.constdata__ZTVN8touchgfx14SnapshotWidgetE)
 <LI><a href="#[149]">touchgfx::SnapshotWidget::makeSnapshot()</a> from snapshotwidget.o(i._ZN8touchgfx14SnapshotWidget12makeSnapshotEv) referenced from snapshotwidget.o(.constdata__ZTVN8touchgfx14SnapshotWidgetE)
 <LI><a href="#[14b]">touchgfx::ButtonWithLabel::~ButtonWithLabel()</a> from buttonwithlabel.o(i._ZN8touchgfx15ButtonWithLabelD1Ev) referenced from buttonwithlabel.o(.constdata__ZTVN8touchgfx15ButtonWithLabelE)
 <LI><a href="#[150]">touchgfx::SlideTransition&lang;(touchgfx::Direction)2&rang;::handleTickEvent()</a> from frontendapplicationbase.o(t._ZN8touchgfx15SlideTransitionILNS_9DirectionE2EE15handleTickEventEv) referenced from frontendapplicationbase.o(.constdata__ZTVN8touchgfx15SlideTransitionILNS_9DirectionE2EEE)
 <LI><a href="#[153]">touchgfx::SlideTransition&lang;(touchgfx::Direction)2&rang;::initMoveDrawable(touchgfx::Drawable&)</a> from frontendapplicationbase.o(t._ZN8touchgfx15SlideTransitionILNS_9DirectionE2EE16initMoveDrawableERNS_8DrawableE) referenced from frontendapplicationbase.o(.constdata__ZTVN8touchgfx15SlideTransitionILNS_9DirectionE2EEE)
 <LI><a href="#[154]">touchgfx::SlideTransition&lang;(touchgfx::Direction)2&rang;::tickMoveDrawable(touchgfx::Drawable&)</a> from frontendapplicationbase.o(t._ZN8touchgfx15SlideTransitionILNS_9DirectionE2EE16tickMoveDrawableERNS_8DrawableE) referenced from frontendapplicationbase.o(.constdata__ZTVN8touchgfx15SlideTransitionILNS_9DirectionE2EEE)
 <LI><a href="#[152]">touchgfx::SlideTransition&lang;(touchgfx::Direction)2&rang;::init()</a> from frontendapplicationbase.o(t._ZN8touchgfx15SlideTransitionILNS_9DirectionE2EE4initEv) referenced from frontendapplicationbase.o(.constdata__ZTVN8touchgfx15SlideTransitionILNS_9DirectionE2EEE)
 <LI><a href="#[151]">touchgfx::SlideTransition&lang;(touchgfx::Direction)2&rang;::tearDown()</a> from frontendapplicationbase.o(t._ZN8touchgfx15SlideTransitionILNS_9DirectionE2EE8tearDownEv) referenced from frontendapplicationbase.o(.constdata__ZTVN8touchgfx15SlideTransitionILNS_9DirectionE2EEE)
 <LI><a href="#[14f]">touchgfx::SlideTransition&lang;(touchgfx::Direction)2&rang;::~SlideTransition()</a> from frontendapplicationbase.o(i._ZN8touchgfx15SlideTransitionILNS_9DirectionE2EED1Ev) referenced from frontendapplicationbase.o(.constdata__ZTVN8touchgfx15SlideTransitionILNS_9DirectionE2EEE)
 <LI><a href="#[155]">touchgfx::AbstractPartition::~AbstractPartition__sub_object()</a> from abstractpartition.o(i._ZN8touchgfx17AbstractPartitionD2Ev) referenced from abstractpartition.o(.constdata__ZTVN8touchgfx17AbstractPartitionE)
 <LI><a href="#[159]">touchgfx::LockFreeDMA_Queue::pushCopyOf(const touchgfx::BlitOp&)</a> from dma.o(i._ZN8touchgfx17LockFreeDMA_Queue10pushCopyOfERKNS_6BlitOpE) referenced from dma.o(.constdata__ZTVN8touchgfx17LockFreeDMA_QueueE)
 <LI><a href="#[15a]">touchgfx::LockFreeDMA_Queue::first()</a> from dma.o(i._ZN8touchgfx17LockFreeDMA_Queue5firstEv) referenced from dma.o(.constdata__ZTVN8touchgfx17LockFreeDMA_QueueE)
 <LI><a href="#[158]">touchgfx::LockFreeDMA_Queue::isFull()</a> from dma.o(i._ZN8touchgfx17LockFreeDMA_Queue6isFullEv) referenced from dma.o(.constdata__ZTVN8touchgfx17LockFreeDMA_QueueE)
 <LI><a href="#[157]">touchgfx::LockFreeDMA_Queue::isEmpty()</a> from dma.o(i._ZN8touchgfx17LockFreeDMA_Queue7isEmptyEv) referenced from dma.o(.constdata__ZTVN8touchgfx17LockFreeDMA_QueueE)
 <LI><a href="#[15b]">touchgfx::ManyBlockAllocator&lang;(unsigned)1920, (unsigned)3, (unsigned)2&rang;::allocateBlock(unsigned short, unsigned short, unsigned short, unsigned short, unsigned char**)</a> from touchgfxgeneratedhal.o(t._ZN8touchgfx18ManyBlockAllocatorILj1920ELj3ELj2EE13allocateBlockEttttPPh) referenced from touchgfxgeneratedhal.o(.constdata__ZTVN8touchgfx18ManyBlockAllocatorILj1920ELj3ELj2EEE)
 <LI><a href="#[15e]">touchgfx::ManyBlockAllocator&lang;(unsigned)1920, (unsigned)3, (unsigned)2&rang;::getBlockForTransfer(touchgfx::Rect&)</a> from touchgfxgeneratedhal.o(t._ZN8touchgfx18ManyBlockAllocatorILj1920ELj3ELj2EE19getBlockForTransferERNS_4RectE) referenced from touchgfxgeneratedhal.o(.constdata__ZTVN8touchgfx18ManyBlockAllocatorILj1920ELj3ELj2EEE)
 <LI><a href="#[15f]">touchgfx::ManyBlockAllocator&lang;(unsigned)1920, (unsigned)3, (unsigned)2&rang;::freeBlockAfterTransfer()</a> from touchgfxgeneratedhal.o(t._ZN8touchgfx18ManyBlockAllocatorILj1920ELj3ELj2EE22freeBlockAfterTransferEv) referenced from touchgfxgeneratedhal.o(.constdata__ZTVN8touchgfx18ManyBlockAllocatorILj1920ELj3ELj2EEE)
 <LI><a href="#[15d]">touchgfx::ManyBlockAllocator&lang;(unsigned)1920, (unsigned)3, (unsigned)2&rang;::hasBlockReadyForTransfer()</a> from touchgfxgeneratedhal.o(t._ZN8touchgfx18ManyBlockAllocatorILj1920ELj3ELj2EE24hasBlockReadyForTransferEv) referenced from touchgfxgeneratedhal.o(.constdata__ZTVN8touchgfx18ManyBlockAllocatorILj1920ELj3ELj2EEE)
 <LI><a href="#[15c]">touchgfx::ManyBlockAllocator&lang;(unsigned)1920, (unsigned)3, (unsigned)2&rang;::markBlockReadyForTransfer()</a> from touchgfxgeneratedhal.o(t._ZN8touchgfx18ManyBlockAllocatorILj1920ELj3ELj2EE25markBlockReadyForTransferEv) referenced from touchgfxgeneratedhal.o(.constdata__ZTVN8touchgfx18ManyBlockAllocatorILj1920ELj3ELj2EEE)
 <LI><a href="#[99]">touchgfx::ManyBlockAllocator&lang;(unsigned)1920, (unsigned)3, (unsigned)2&rang;::~ManyBlockAllocator()</a> from touchgfxgeneratedhal.o(i._ZN8touchgfx18ManyBlockAllocatorILj1920ELj3ELj2EED1Ev) referenced from touchgfxgeneratedhal.o(.constdata__ZTVN8touchgfx18ManyBlockAllocatorILj1920ELj3ELj2EEE)
 <LI><a href="#[99]">touchgfx::ManyBlockAllocator&lang;(unsigned)1920, (unsigned)3, (unsigned)2&rang;::~ManyBlockAllocator()</a> from touchgfxgeneratedhal.o(i._ZN8touchgfx18ManyBlockAllocatorILj1920ELj3ELj2EED1Ev) referenced from touchgfxgeneratedhal.o(i.__sti___24_TouchGFXGeneratedHAL_cpp_23237d9e)
 <LI><a href="#[160]">touchgfx::TextAreaWithOneWildcard::~TextAreaWithOneWildcard()</a> from screen2viewbase.o(i._ZN8touchgfx23TextAreaWithOneWildcardD1Ev) referenced from screen2viewbase.o(.constdata__ZTVN8touchgfx23TextAreaWithOneWildcardE)
 <LI><a href="#[e3]">touchgfx::HAL::FlushCache()</a> from hal.o(i._ZN8touchgfx3HAL10FlushCacheEv) referenced from touchgfxhal.o(.constdata__ZTV11TouchGFXHAL)
 <LI><a href="#[e3]">touchgfx::HAL::FlushCache()</a> from hal.o(i._ZN8touchgfx3HAL10FlushCacheEv) referenced from hal.o(.constdata__ZTVN8touchgfx3HALE)
 <LI><a href="#[173]">touchgfx::HAL::beginFrame()</a> from hal.o(i._ZN8touchgfx3HAL10beginFrameEv) referenced from hal.o(.constdata__ZTVN8touchgfx3HALE)
 <LI><a href="#[170]">touchgfx::HAL::initialize()</a> from hal.o(i._ZN8touchgfx3HAL10initializeEv) referenced from hal.o(.constdata__ZTVN8touchgfx3HALE)
 <LI><a href="#[ca]">touchgfx::HAL::getBlitCaps()</a> from hal.o(i._ZN8touchgfx3HAL11getBlitCapsEv) referenced from touchgfxhal.o(.constdata__ZTV11TouchGFXHAL)
 <LI><a href="#[ca]">touchgfx::HAL::getBlitCaps()</a> from hal.o(i._ZN8touchgfx3HAL11getBlitCapsEv) referenced from hal.o(.constdata__ZTVN8touchgfx3HALE)
 <LI><a href="#[cf]">touchgfx::HAL::blitCopyGlyph(const unsigned char*, unsigned short, unsigned short, unsigned short, unsigned short, unsigned short, touchgfx::colortype, unsigned char, touchgfx::BlitOperations, bool)</a> from hal.o(i._ZN8touchgfx3HAL13blitCopyGlyphEPKhtttttNS_9colortypeEhNS_14BlitOperationsEb) referenced from touchgfxhal.o(.constdata__ZTV11TouchGFXHAL)
 <LI><a href="#[cf]">touchgfx::HAL::blitCopyGlyph(const unsigned char*, unsigned short, unsigned short, unsigned short, unsigned short, unsigned short, touchgfx::colortype, unsigned char, touchgfx::BlitOperations, bool)</a> from hal.o(i._ZN8touchgfx3HAL13blitCopyGlyphEPKhtttttNS_9colortypeEhNS_14BlitOperationsEb) referenced from hal.o(.constdata__ZTVN8touchgfx3HALE)
 <LI><a href="#[e2]">touchgfx::HAL::InvalidateCache()</a> from hal.o(i._ZN8touchgfx3HAL15InvalidateCacheEv) referenced from touchgfxhal.o(.constdata__ZTV11TouchGFXHAL)
 <LI><a href="#[e2]">touchgfx::HAL::InvalidateCache()</a> from hal.o(i._ZN8touchgfx3HAL15InvalidateCacheEv) referenced from hal.o(.constdata__ZTVN8touchgfx3HALE)
 <LI><a href="#[c6]">touchgfx::HAL::lockFrameBuffer()</a> from hal.o(i._ZN8touchgfx3HAL15lockFrameBufferEv) referenced from touchgfxhal.o(.constdata__ZTV11TouchGFXHAL)
 <LI><a href="#[c6]">touchgfx::HAL::lockFrameBuffer()</a> from hal.o(i._ZN8touchgfx3HAL15lockFrameBufferEv) referenced from hal.o(.constdata__ZTVN8touchgfx3HALE)
 <LI><a href="#[ce]">touchgfx::HAL::blitCopyARGB8888(const unsigned short*, unsigned short, unsigned short, unsigned short, unsigned short, unsigned short, unsigned char, bool)</a> from hal.o(i._ZN8touchgfx3HAL16blitCopyARGB8888EPKtttttthb) referenced from touchgfxhal.o(.constdata__ZTV11TouchGFXHAL)
 <LI><a href="#[ce]">touchgfx::HAL::blitCopyARGB8888(const unsigned short*, unsigned short, unsigned short, unsigned short, unsigned short, unsigned short, unsigned char, bool)</a> from hal.o(i._ZN8touchgfx3HAL16blitCopyARGB8888EPKtttttthb) referenced from hal.o(.constdata__ZTVN8touchgfx3HALE)
 <LI><a href="#[171]">touchgfx::HAL::flushFrameBuffer(const touchgfx::Rect&)</a> from hal.o(i._ZN8touchgfx3HAL16flushFrameBufferERKNS_4RectE) referenced from hal.o(.constdata__ZTVN8touchgfx3HALE)
 <LI><a href="#[da]">touchgfx::HAL::getTFTCurrentLine()</a> from hal.o(i._ZN8touchgfx3HAL17getTFTCurrentLineEv) referenced from touchgfxhal.o(.constdata__ZTV11TouchGFXHAL)
 <LI><a href="#[da]">touchgfx::HAL::getTFTCurrentLine()</a> from hal.o(i._ZN8touchgfx3HAL17getTFTCurrentLineEv) referenced from hal.o(.constdata__ZTVN8touchgfx3HALE)
 <LI><a href="#[c7]">touchgfx::HAL::unlockFrameBuffer()</a> from hal.o(i._ZN8touchgfx3HAL17unlockFrameBufferEv) referenced from touchgfxhal.o(.constdata__ZTV11TouchGFXHAL)
 <LI><a href="#[c7]">touchgfx::HAL::unlockFrameBuffer()</a> from hal.o(i._ZN8touchgfx3HAL17unlockFrameBufferEv) referenced from hal.o(.constdata__ZTVN8touchgfx3HALE)
 <LI><a href="#[d3]">touchgfx::HAL::copyFBRegionToMemory(touchgfx::Rect, unsigned short*, unsigned)</a> from hal.o(i._ZN8touchgfx3HAL20copyFBRegionToMemoryENS_4RectEPtj) referenced from touchgfxhal.o(.constdata__ZTV11TouchGFXHAL)
 <LI><a href="#[d3]">touchgfx::HAL::copyFBRegionToMemory(touchgfx::Rect, unsigned short*, unsigned)</a> from hal.o(i._ZN8touchgfx3HAL20copyFBRegionToMemoryENS_4RectEPtj) referenced from hal.o(.constdata__ZTVN8touchgfx3HALE)
 <LI><a href="#[d2]">touchgfx::HAL::registerEventListener(touchgfx::UIEventListener&)</a> from hal.o(i._ZN8touchgfx3HAL21registerEventListenerERNS_15UIEventListenerE) referenced from touchgfxhal.o(.constdata__ZTV11TouchGFXHAL)
 <LI><a href="#[d2]">touchgfx::HAL::registerEventListener(touchgfx::UIEventListener&)</a> from hal.o(i._ZN8touchgfx3HAL21registerEventListenerERNS_15UIEventListenerE) referenced from hal.o(.constdata__ZTVN8touchgfx3HALE)
 <LI><a href="#[c2]">touchgfx::HAL::setDisplayOrientation(touchgfx::DisplayOrientation)</a> from hal.o(i._ZN8touchgfx3HAL21setDisplayOrientationENS_18DisplayOrientationE) referenced from touchgfxhal.o(.constdata__ZTV11TouchGFXHAL)
 <LI><a href="#[c2]">touchgfx::HAL::setDisplayOrientation(touchgfx::DisplayOrientation)</a> from hal.o(i._ZN8touchgfx3HAL21setDisplayOrientationENS_18DisplayOrientationE) referenced from hal.o(.constdata__ZTVN8touchgfx3HALE)
 <LI><a href="#[d8]">touchgfx::HAL::configurePartialFrameBuffer(unsigned short, unsigned short, unsigned short, unsigned short)</a> from hal.o(i._ZN8touchgfx3HAL27configurePartialFrameBufferEtttt) referenced from touchgfxhal.o(.constdata__ZTV11TouchGFXHAL)
 <LI><a href="#[d8]">touchgfx::HAL::configurePartialFrameBuffer(unsigned short, unsigned short, unsigned short, unsigned short)</a> from hal.o(i._ZN8touchgfx3HAL27configurePartialFrameBufferEtttt) referenced from hal.o(.constdata__ZTVN8touchgfx3HALE)
 <LI><a href="#[e1]">touchgfx::HAL::performDisplayOrientationChange()</a> from hal.o(i._ZN8touchgfx3HAL31performDisplayOrientationChangeEv) referenced from touchgfxhal.o(.constdata__ZTV11TouchGFXHAL)
 <LI><a href="#[e1]">touchgfx::HAL::performDisplayOrientationChange()</a> from hal.o(i._ZN8touchgfx3HAL31performDisplayOrientationChangeEv) referenced from hal.o(.constdata__ZTVN8touchgfx3HALE)
 <LI><a href="#[db]">touchgfx::HAL::tick()</a> from hal.o(i._ZN8touchgfx3HAL4tickEv) referenced from touchgfxhal.o(.constdata__ZTV11TouchGFXHAL)
 <LI><a href="#[db]">touchgfx::HAL::tick()</a> from hal.o(i._ZN8touchgfx3HAL4tickEv) referenced from hal.o(.constdata__ZTVN8touchgfx3HALE)
 <LI><a href="#[df]">touchgfx::HAL::touch(int, int)</a> from hal.o(i._ZN8touchgfx3HAL5touchEii) referenced from touchgfxhal.o(.constdata__ZTV11TouchGFXHAL)
 <LI><a href="#[df]">touchgfx::HAL::touch(int, int)</a> from hal.o(i._ZN8touchgfx3HAL5touchEii) referenced from hal.o(.constdata__ZTVN8touchgfx3HALE)
 <LI><a href="#[e0]">touchgfx::HAL::noTouch()</a> from hal.o(i._ZN8touchgfx3HAL7noTouchEv) referenced from touchgfxhal.o(.constdata__ZTV11TouchGFXHAL)
 <LI><a href="#[e0]">touchgfx::HAL::noTouch()</a> from hal.o(i._ZN8touchgfx3HAL7noTouchEv) referenced from hal.o(.constdata__ZTVN8touchgfx3HALE)
 <LI><a href="#[cb]">touchgfx::HAL::blitCopy(const unsigned short*, const unsigned char*, unsigned short, unsigned short, unsigned short, unsigned short, unsigned short, unsigned char, bool, unsigned short, touchgfx::Bitmap::BitmapFormat, touchgfx::Bitmap::BitmapFormat, bool)</a> from hal.o(i._ZN8touchgfx3HAL8blitCopyEPKtPKhttttthbtNS_6Bitmap12BitmapFormatES6_b) referenced from touchgfxhal.o(.constdata__ZTV11TouchGFXHAL)
 <LI><a href="#[cb]">touchgfx::HAL::blitCopy(const unsigned short*, const unsigned char*, unsigned short, unsigned short, unsigned short, unsigned short, unsigned short, unsigned char, bool, unsigned short, touchgfx::Bitmap::BitmapFormat, touchgfx::Bitmap::BitmapFormat, bool)</a> from hal.o(i._ZN8touchgfx3HAL8blitCopyEPKtPKhttttthbtNS_6Bitmap12BitmapFormatES6_b) referenced from hal.o(.constdata__ZTVN8touchgfx3HALE)
 <LI><a href="#[cd]">touchgfx::HAL::blitCopy(const unsigned short*, unsigned short, unsigned short, unsigned short, unsigned short, unsigned short, unsigned char, bool, bool)</a> from hal.o(i._ZN8touchgfx3HAL8blitCopyEPKtttttthbb) referenced from touchgfxhal.o(.constdata__ZTV11TouchGFXHAL)
 <LI><a href="#[cd]">touchgfx::HAL::blitCopy(const unsigned short*, unsigned short, unsigned short, unsigned short, unsigned short, unsigned short, unsigned char, bool, bool)</a> from hal.o(i._ZN8touchgfx3HAL8blitCopyEPKtttttthbb) referenced from hal.o(.constdata__ZTVN8touchgfx3HALE)
 <LI><a href="#[cc]">touchgfx::HAL::blitCopy(const unsigned short*, unsigned short, unsigned short, unsigned short, unsigned short, unsigned short, unsigned char, bool, unsigned short, touchgfx::Bitmap::BitmapFormat, touchgfx::Bitmap::BitmapFormat, bool)</a> from hal.o(i._ZN8touchgfx3HAL8blitCopyEPKtttttthbtNS_6Bitmap12BitmapFormatES4_b) referenced from touchgfxhal.o(.constdata__ZTV11TouchGFXHAL)
 <LI><a href="#[cc]">touchgfx::HAL::blitCopy(const unsigned short*, unsigned short, unsigned short, unsigned short, unsigned short, unsigned short, unsigned char, bool, unsigned short, touchgfx::Bitmap::BitmapFormat, touchgfx::Bitmap::BitmapFormat, bool)</a> from hal.o(i._ZN8touchgfx3HAL8blitCopyEPKtttttthbtNS_6Bitmap12BitmapFormatES4_b) referenced from hal.o(.constdata__ZTVN8touchgfx3HALE)
 <LI><a href="#[d1]">touchgfx::HAL::blitFill(touchgfx::colortype, unsigned short, unsigned short, unsigned short, unsigned short, unsigned char, bool)</a> from hal.o(i._ZN8touchgfx3HAL8blitFillENS_9colortypeEtttthb) referenced from touchgfxhal.o(.constdata__ZTV11TouchGFXHAL)
 <LI><a href="#[d1]">touchgfx::HAL::blitFill(touchgfx::colortype, unsigned short, unsigned short, unsigned short, unsigned short, unsigned char, bool)</a> from hal.o(i._ZN8touchgfx3HAL8blitFillENS_9colortypeEtttthb) referenced from hal.o(.constdata__ZTVN8touchgfx3HALE)
 <LI><a href="#[d0]">touchgfx::HAL::blitFill(touchgfx::colortype, unsigned short, unsigned short, unsigned short, unsigned short, unsigned char, unsigned short, touchgfx::Bitmap::BitmapFormat, bool)</a> from hal.o(i._ZN8touchgfx3HAL8blitFillENS_9colortypeEtttthtNS_6Bitmap12BitmapFormatEb) referenced from touchgfxhal.o(.constdata__ZTV11TouchGFXHAL)
 <LI><a href="#[d0]">touchgfx::HAL::blitFill(touchgfx::colortype, unsigned short, unsigned short, unsigned short, unsigned short, unsigned char, unsigned short, touchgfx::Bitmap::BitmapFormat, bool)</a> from hal.o(i._ZN8touchgfx3HAL8blitFillENS_9colortypeEtttthtNS_6Bitmap12BitmapFormatEb) referenced from hal.o(.constdata__ZTVN8touchgfx3HALE)
 <LI><a href="#[174]">touchgfx::HAL::endFrame()</a> from hal.o(i._ZN8touchgfx3HAL8endFrameEv) referenced from hal.o(.constdata__ZTVN8touchgfx3HALE)
 <LI><a href="#[c5]">touchgfx::HAL::flushDMA()</a> from hal.o(i._ZN8touchgfx3HAL8flushDMAEv) referenced from touchgfxhal.o(.constdata__ZTV11TouchGFXHAL)
 <LI><a href="#[c5]">touchgfx::HAL::flushDMA()</a> from hal.o(i._ZN8touchgfx3HAL8flushDMAEv) referenced from hal.o(.constdata__ZTVN8touchgfx3HALE)
 <LI><a href="#[172]">touchgfx::HAL::blockCopy(void*, const void*, unsigned)</a> from hal.o(i._ZN8touchgfx3HAL9blockCopyEPvPKvj) referenced from hal.o(.constdata__ZTVN8touchgfx3HALE)
 <LI><a href="#[d9]">touchgfx::HAL::taskDelay(unsigned short)</a> from hal.o(i._ZN8touchgfx3HAL9taskDelayEt) referenced from touchgfxhal.o(.constdata__ZTV11TouchGFXHAL)
 <LI><a href="#[d9]">touchgfx::HAL::taskDelay(unsigned short)</a> from hal.o(i._ZN8touchgfx3HAL9taskDelayEt) referenced from hal.o(.constdata__ZTVN8touchgfx3HALE)
 <LI><a href="#[7c]">touchgfx::Rect::Rect()</a> from application.o(i._ZN8touchgfx4RectC1Ev) referenced from application.o(i._ZN8touchgfx11Application15drawCachedAreasEv)
 <LI><a href="#[7c]">touchgfx::Rect::Rect()</a> from application.o(i._ZN8touchgfx4RectC1Ev) referenced from application.o(i._ZN8touchgfx11ApplicationC1Ev)
 <LI><a href="#[7c]">touchgfx::Rect::Rect()</a> from application.o(i._ZN8touchgfx4RectC1Ev) referenced from touchgfxgeneratedhal.o(i.__sti___24_TouchGFXGeneratedHAL_cpp_23237d9e)
 <LI><a href="#[17b]">touchgfx::Image::setBitmap(const touchgfx::Bitmap&)</a> from image.o(i._ZN8touchgfx5Image9setBitmapERKNS_6BitmapE) referenced from image.o(.constdata__ZTVN8touchgfx5ImageE)
 <LI><a href="#[14e]">touchgfx::Button::setBitmaps(const touchgfx::Bitmap&, const touchgfx::Bitmap&)</a> from button.o(i._ZN8touchgfx6Button10setBitmapsERKNS_6BitmapES3_) referenced from buttonwithlabel.o(.constdata__ZTVN8touchgfx15ButtonWithLabelE)
 <LI><a href="#[14e]">touchgfx::Button::setBitmaps(const touchgfx::Bitmap&, const touchgfx::Bitmap&)</a> from button.o(i._ZN8touchgfx6Button10setBitmapsERKNS_6BitmapES3_) referenced from button.o(.constdata__ZTVN8touchgfx6ButtonE)
 <LI><a href="#[17d]">touchgfx::Screen::setupScreen()</a> from screen.o(i._ZN8touchgfx6Screen11setupScreenEv) referenced from screen.o(.constdata__ZTVN8touchgfx6ScreenE)
 <LI><a href="#[b1]">touchgfx::Screen::handleKeyEvent(unsigned char)</a> from screen.o(i._ZN8touchgfx6Screen14handleKeyEventEh) referenced from screen1view.o(.constdata__ZTV11Screen1View)
 <LI><a href="#[b1]">touchgfx::Screen::handleKeyEvent(unsigned char)</a> from screen.o(i._ZN8touchgfx6Screen14handleKeyEventEh) referenced from screen2view.o(.constdata__ZTV11Screen2View)
 <LI><a href="#[b1]">touchgfx::Screen::handleKeyEvent(unsigned char)</a> from screen.o(i._ZN8touchgfx6Screen14handleKeyEventEh) referenced from screen3view.o(.constdata__ZTV11Screen3View)
 <LI><a href="#[b1]">touchgfx::Screen::handleKeyEvent(unsigned char)</a> from screen.o(i._ZN8touchgfx6Screen14handleKeyEventEh) referenced from screen4view.o(.constdata__ZTV11Screen4View)
 <LI><a href="#[b1]">touchgfx::Screen::handleKeyEvent(unsigned char)</a> from screen.o(i._ZN8touchgfx6Screen14handleKeyEventEh) referenced from screen1viewbase.o(.constdata__ZTV15Screen1ViewBase)
 <LI><a href="#[b1]">touchgfx::Screen::handleKeyEvent(unsigned char)</a> from screen.o(i._ZN8touchgfx6Screen14handleKeyEventEh) referenced from screen2viewbase.o(.constdata__ZTV15Screen2ViewBase)
 <LI><a href="#[b1]">touchgfx::Screen::handleKeyEvent(unsigned char)</a> from screen.o(i._ZN8touchgfx6Screen14handleKeyEventEh) referenced from screen3viewbase.o(.constdata__ZTV15Screen3ViewBase)
 <LI><a href="#[b1]">touchgfx::Screen::handleKeyEvent(unsigned char)</a> from screen.o(i._ZN8touchgfx6Screen14handleKeyEventEh) referenced from screen4viewbase.o(.constdata__ZTV15Screen4ViewBase)
 <LI><a href="#[b1]">touchgfx::Screen::handleKeyEvent(unsigned char)</a> from screen.o(i._ZN8touchgfx6Screen14handleKeyEventEh) referenced from screen.o(.constdata__ZTVN8touchgfx6ScreenE)
 <LI><a href="#[e6]">touchgfx::Screen::tearDownScreen()</a> from screen.o(i._ZN8touchgfx6Screen14tearDownScreenEv) referenced from screen1viewbase.o(.constdata__ZTV15Screen1ViewBase)
 <LI><a href="#[e6]">touchgfx::Screen::tearDownScreen()</a> from screen.o(i._ZN8touchgfx6Screen14tearDownScreenEv) referenced from screen2viewbase.o(.constdata__ZTV15Screen2ViewBase)
 <LI><a href="#[e6]">touchgfx::Screen::tearDownScreen()</a> from screen.o(i._ZN8touchgfx6Screen14tearDownScreenEv) referenced from screen3viewbase.o(.constdata__ZTV15Screen3ViewBase)
 <LI><a href="#[e6]">touchgfx::Screen::tearDownScreen()</a> from screen.o(i._ZN8touchgfx6Screen14tearDownScreenEv) referenced from screen4viewbase.o(.constdata__ZTV15Screen4ViewBase)
 <LI><a href="#[e6]">touchgfx::Screen::tearDownScreen()</a> from screen.o(i._ZN8touchgfx6Screen14tearDownScreenEv) referenced from screen5viewbase.o(.constdata__ZTV15Screen5ViewBase)
 <LI><a href="#[e6]">touchgfx::Screen::tearDownScreen()</a> from screen.o(i._ZN8touchgfx6Screen14tearDownScreenEv) referenced from screen.o(.constdata__ZTVN8touchgfx6ScreenE)
 <LI><a href="#[ab]">touchgfx::Screen::afterTransition()</a> from screen.o(i._ZN8touchgfx6Screen15afterTransitionEv) referenced from screen1view.o(.constdata__ZTV11Screen1View)
 <LI><a href="#[ab]">touchgfx::Screen::afterTransition()</a> from screen.o(i._ZN8touchgfx6Screen15afterTransitionEv) referenced from screen2view.o(.constdata__ZTV11Screen2View)
 <LI><a href="#[ab]">touchgfx::Screen::afterTransition()</a> from screen.o(i._ZN8touchgfx6Screen15afterTransitionEv) referenced from screen3view.o(.constdata__ZTV11Screen3View)
 <LI><a href="#[ab]">touchgfx::Screen::afterTransition()</a> from screen.o(i._ZN8touchgfx6Screen15afterTransitionEv) referenced from screen4view.o(.constdata__ZTV11Screen4View)
 <LI><a href="#[ab]">touchgfx::Screen::afterTransition()</a> from screen.o(i._ZN8touchgfx6Screen15afterTransitionEv) referenced from screen5view.o(.constdata__ZTV11Screen5View)
 <LI><a href="#[ab]">touchgfx::Screen::afterTransition()</a> from screen.o(i._ZN8touchgfx6Screen15afterTransitionEv) referenced from screen1viewbase.o(.constdata__ZTV15Screen1ViewBase)
 <LI><a href="#[ab]">touchgfx::Screen::afterTransition()</a> from screen.o(i._ZN8touchgfx6Screen15afterTransitionEv) referenced from screen2viewbase.o(.constdata__ZTV15Screen2ViewBase)
 <LI><a href="#[ab]">touchgfx::Screen::afterTransition()</a> from screen.o(i._ZN8touchgfx6Screen15afterTransitionEv) referenced from screen3viewbase.o(.constdata__ZTV15Screen3ViewBase)
 <LI><a href="#[ab]">touchgfx::Screen::afterTransition()</a> from screen.o(i._ZN8touchgfx6Screen15afterTransitionEv) referenced from screen4viewbase.o(.constdata__ZTV15Screen4ViewBase)
 <LI><a href="#[ab]">touchgfx::Screen::afterTransition()</a> from screen.o(i._ZN8touchgfx6Screen15afterTransitionEv) referenced from screen5viewbase.o(.constdata__ZTV15Screen5ViewBase)
 <LI><a href="#[ab]">touchgfx::Screen::afterTransition()</a> from screen.o(i._ZN8touchgfx6Screen15afterTransitionEv) referenced from screen.o(.constdata__ZTVN8touchgfx6ScreenE)
 <LI><a href="#[ae]">touchgfx::Screen::handleDragEvent(const touchgfx::DragEvent&)</a> from screen.o(i._ZN8touchgfx6Screen15handleDragEventERKNS_9DragEventE) referenced from screen1view.o(.constdata__ZTV11Screen1View)
 <LI><a href="#[ae]">touchgfx::Screen::handleDragEvent(const touchgfx::DragEvent&)</a> from screen.o(i._ZN8touchgfx6Screen15handleDragEventERKNS_9DragEventE) referenced from screen2view.o(.constdata__ZTV11Screen2View)
 <LI><a href="#[ae]">touchgfx::Screen::handleDragEvent(const touchgfx::DragEvent&)</a> from screen.o(i._ZN8touchgfx6Screen15handleDragEventERKNS_9DragEventE) referenced from screen3view.o(.constdata__ZTV11Screen3View)
 <LI><a href="#[ae]">touchgfx::Screen::handleDragEvent(const touchgfx::DragEvent&)</a> from screen.o(i._ZN8touchgfx6Screen15handleDragEventERKNS_9DragEventE) referenced from screen4view.o(.constdata__ZTV11Screen4View)
 <LI><a href="#[ae]">touchgfx::Screen::handleDragEvent(const touchgfx::DragEvent&)</a> from screen.o(i._ZN8touchgfx6Screen15handleDragEventERKNS_9DragEventE) referenced from screen5view.o(.constdata__ZTV11Screen5View)
 <LI><a href="#[ae]">touchgfx::Screen::handleDragEvent(const touchgfx::DragEvent&)</a> from screen.o(i._ZN8touchgfx6Screen15handleDragEventERKNS_9DragEventE) referenced from screen1viewbase.o(.constdata__ZTV15Screen1ViewBase)
 <LI><a href="#[ae]">touchgfx::Screen::handleDragEvent(const touchgfx::DragEvent&)</a> from screen.o(i._ZN8touchgfx6Screen15handleDragEventERKNS_9DragEventE) referenced from screen2viewbase.o(.constdata__ZTV15Screen2ViewBase)
 <LI><a href="#[ae]">touchgfx::Screen::handleDragEvent(const touchgfx::DragEvent&)</a> from screen.o(i._ZN8touchgfx6Screen15handleDragEventERKNS_9DragEventE) referenced from screen3viewbase.o(.constdata__ZTV15Screen3ViewBase)
 <LI><a href="#[ae]">touchgfx::Screen::handleDragEvent(const touchgfx::DragEvent&)</a> from screen.o(i._ZN8touchgfx6Screen15handleDragEventERKNS_9DragEventE) referenced from screen4viewbase.o(.constdata__ZTV15Screen4ViewBase)
 <LI><a href="#[ae]">touchgfx::Screen::handleDragEvent(const touchgfx::DragEvent&)</a> from screen.o(i._ZN8touchgfx6Screen15handleDragEventERKNS_9DragEventE) referenced from screen5viewbase.o(.constdata__ZTV15Screen5ViewBase)
 <LI><a href="#[ae]">touchgfx::Screen::handleDragEvent(const touchgfx::DragEvent&)</a> from screen.o(i._ZN8touchgfx6Screen15handleDragEventERKNS_9DragEventE) referenced from screen.o(.constdata__ZTVN8touchgfx6ScreenE)
 <LI><a href="#[b0]">touchgfx::Screen::handleTickEvent()</a> from screen.o(i._ZN8touchgfx6Screen15handleTickEventEv) referenced from screen1view.o(.constdata__ZTV11Screen1View)
 <LI><a href="#[b0]">touchgfx::Screen::handleTickEvent()</a> from screen.o(i._ZN8touchgfx6Screen15handleTickEventEv) referenced from screen2view.o(.constdata__ZTV11Screen2View)
 <LI><a href="#[b0]">touchgfx::Screen::handleTickEvent()</a> from screen.o(i._ZN8touchgfx6Screen15handleTickEventEv) referenced from screen3view.o(.constdata__ZTV11Screen3View)
 <LI><a href="#[b0]">touchgfx::Screen::handleTickEvent()</a> from screen.o(i._ZN8touchgfx6Screen15handleTickEventEv) referenced from screen4view.o(.constdata__ZTV11Screen4View)
 <LI><a href="#[b0]">touchgfx::Screen::handleTickEvent()</a> from screen.o(i._ZN8touchgfx6Screen15handleTickEventEv) referenced from screen5view.o(.constdata__ZTV11Screen5View)
 <LI><a href="#[b0]">touchgfx::Screen::handleTickEvent()</a> from screen.o(i._ZN8touchgfx6Screen15handleTickEventEv) referenced from screen1viewbase.o(.constdata__ZTV15Screen1ViewBase)
 <LI><a href="#[b0]">touchgfx::Screen::handleTickEvent()</a> from screen.o(i._ZN8touchgfx6Screen15handleTickEventEv) referenced from screen2viewbase.o(.constdata__ZTV15Screen2ViewBase)
 <LI><a href="#[b0]">touchgfx::Screen::handleTickEvent()</a> from screen.o(i._ZN8touchgfx6Screen15handleTickEventEv) referenced from screen3viewbase.o(.constdata__ZTV15Screen3ViewBase)
 <LI><a href="#[b0]">touchgfx::Screen::handleTickEvent()</a> from screen.o(i._ZN8touchgfx6Screen15handleTickEventEv) referenced from screen4viewbase.o(.constdata__ZTV15Screen4ViewBase)
 <LI><a href="#[b0]">touchgfx::Screen::handleTickEvent()</a> from screen.o(i._ZN8touchgfx6Screen15handleTickEventEv) referenced from screen5viewbase.o(.constdata__ZTV15Screen5ViewBase)
 <LI><a href="#[b0]">touchgfx::Screen::handleTickEvent()</a> from screen.o(i._ZN8touchgfx6Screen15handleTickEventEv) referenced from screen.o(.constdata__ZTVN8touchgfx6ScreenE)
 <LI><a href="#[ad]">touchgfx::Screen::handleClickEvent(const touchgfx::ClickEvent&)</a> from screen.o(i._ZN8touchgfx6Screen16handleClickEventERKNS_10ClickEventE) referenced from screen1view.o(.constdata__ZTV11Screen1View)
 <LI><a href="#[ad]">touchgfx::Screen::handleClickEvent(const touchgfx::ClickEvent&)</a> from screen.o(i._ZN8touchgfx6Screen16handleClickEventERKNS_10ClickEventE) referenced from screen2view.o(.constdata__ZTV11Screen2View)
 <LI><a href="#[ad]">touchgfx::Screen::handleClickEvent(const touchgfx::ClickEvent&)</a> from screen.o(i._ZN8touchgfx6Screen16handleClickEventERKNS_10ClickEventE) referenced from screen3view.o(.constdata__ZTV11Screen3View)
 <LI><a href="#[ad]">touchgfx::Screen::handleClickEvent(const touchgfx::ClickEvent&)</a> from screen.o(i._ZN8touchgfx6Screen16handleClickEventERKNS_10ClickEventE) referenced from screen4view.o(.constdata__ZTV11Screen4View)
 <LI><a href="#[ad]">touchgfx::Screen::handleClickEvent(const touchgfx::ClickEvent&)</a> from screen.o(i._ZN8touchgfx6Screen16handleClickEventERKNS_10ClickEventE) referenced from screen5view.o(.constdata__ZTV11Screen5View)
 <LI><a href="#[ad]">touchgfx::Screen::handleClickEvent(const touchgfx::ClickEvent&)</a> from screen.o(i._ZN8touchgfx6Screen16handleClickEventERKNS_10ClickEventE) referenced from screen1viewbase.o(.constdata__ZTV15Screen1ViewBase)
 <LI><a href="#[ad]">touchgfx::Screen::handleClickEvent(const touchgfx::ClickEvent&)</a> from screen.o(i._ZN8touchgfx6Screen16handleClickEventERKNS_10ClickEventE) referenced from screen2viewbase.o(.constdata__ZTV15Screen2ViewBase)
 <LI><a href="#[ad]">touchgfx::Screen::handleClickEvent(const touchgfx::ClickEvent&)</a> from screen.o(i._ZN8touchgfx6Screen16handleClickEventERKNS_10ClickEventE) referenced from screen3viewbase.o(.constdata__ZTV15Screen3ViewBase)
 <LI><a href="#[ad]">touchgfx::Screen::handleClickEvent(const touchgfx::ClickEvent&)</a> from screen.o(i._ZN8touchgfx6Screen16handleClickEventERKNS_10ClickEventE) referenced from screen4viewbase.o(.constdata__ZTV15Screen4ViewBase)
 <LI><a href="#[ad]">touchgfx::Screen::handleClickEvent(const touchgfx::ClickEvent&)</a> from screen.o(i._ZN8touchgfx6Screen16handleClickEventERKNS_10ClickEventE) referenced from screen5viewbase.o(.constdata__ZTV15Screen5ViewBase)
 <LI><a href="#[ad]">touchgfx::Screen::handleClickEvent(const touchgfx::ClickEvent&)</a> from screen.o(i._ZN8touchgfx6Screen16handleClickEventERKNS_10ClickEventE) referenced from screen.o(.constdata__ZTVN8touchgfx6ScreenE)
 <LI><a href="#[af]">touchgfx::Screen::handleGestureEvent(const touchgfx::GestureEvent&)</a> from screen.o(i._ZN8touchgfx6Screen18handleGestureEventERKNS_12GestureEventE) referenced from screen1view.o(.constdata__ZTV11Screen1View)
 <LI><a href="#[af]">touchgfx::Screen::handleGestureEvent(const touchgfx::GestureEvent&)</a> from screen.o(i._ZN8touchgfx6Screen18handleGestureEventERKNS_12GestureEventE) referenced from screen2view.o(.constdata__ZTV11Screen2View)
 <LI><a href="#[af]">touchgfx::Screen::handleGestureEvent(const touchgfx::GestureEvent&)</a> from screen.o(i._ZN8touchgfx6Screen18handleGestureEventERKNS_12GestureEventE) referenced from screen3view.o(.constdata__ZTV11Screen3View)
 <LI><a href="#[af]">touchgfx::Screen::handleGestureEvent(const touchgfx::GestureEvent&)</a> from screen.o(i._ZN8touchgfx6Screen18handleGestureEventERKNS_12GestureEventE) referenced from screen4view.o(.constdata__ZTV11Screen4View)
 <LI><a href="#[af]">touchgfx::Screen::handleGestureEvent(const touchgfx::GestureEvent&)</a> from screen.o(i._ZN8touchgfx6Screen18handleGestureEventERKNS_12GestureEventE) referenced from screen5view.o(.constdata__ZTV11Screen5View)
 <LI><a href="#[af]">touchgfx::Screen::handleGestureEvent(const touchgfx::GestureEvent&)</a> from screen.o(i._ZN8touchgfx6Screen18handleGestureEventERKNS_12GestureEventE) referenced from screen1viewbase.o(.constdata__ZTV15Screen1ViewBase)
 <LI><a href="#[af]">touchgfx::Screen::handleGestureEvent(const touchgfx::GestureEvent&)</a> from screen.o(i._ZN8touchgfx6Screen18handleGestureEventERKNS_12GestureEventE) referenced from screen2viewbase.o(.constdata__ZTV15Screen2ViewBase)
 <LI><a href="#[af]">touchgfx::Screen::handleGestureEvent(const touchgfx::GestureEvent&)</a> from screen.o(i._ZN8touchgfx6Screen18handleGestureEventERKNS_12GestureEventE) referenced from screen3viewbase.o(.constdata__ZTV15Screen3ViewBase)
 <LI><a href="#[af]">touchgfx::Screen::handleGestureEvent(const touchgfx::GestureEvent&)</a> from screen.o(i._ZN8touchgfx6Screen18handleGestureEventERKNS_12GestureEventE) referenced from screen4viewbase.o(.constdata__ZTV15Screen4ViewBase)
[...]
</UL>
<P><STRONG><a name="[1a2]"></a>touchgfx::Partition&lang;touchgfx::meta::TypeList&lang;touchgfx::SlideTransition&lang;(touchgfx::Direction)2&rang;, touchgfx::meta::TypeList&lang;touchgfx::meta::Nil, touchgfx::meta::Nil&rang;&rang;, (unsigned short)1&rang;::element_size()</STRONG> (Thumb, 4 bytes, Stack size 0 bytes, touchgfxconfiguration.o(t._ZN8touchgfx9PartitionINS_4meta8TypeListINS_15SlideTransitionILNS_9DirectionE2EEENS2_INS1_3NilES6_EEEELt1EE12element_sizeEv))
<BR>[Address Reference Count : 1]<UL><LI> touchgfxconfiguration.o(.constdata__ZTVN8touchgfx9PartitionINS_4meta8TypeListINS_15SlideTransitionILNS_9DirectionE2EEENS2_INS1_3NilES6_EEEELt1EEE)
</UL>
<P><STRONG><a name="[1a3]"></a>touchgfx::Partition&lang;touchgfx::meta::TypeList&lang;touchgfx::SlideTransition&lang;(touchgfx::Direction)2&rang;, touchgfx::meta::TypeList&lang;touchgfx::meta::Nil, touchgfx::meta::Nil&rang;&rang;, (unsigned short)1&rang;::element(unsigned short)</STRONG> (Thumb, 16 bytes, Stack size 0 bytes, touchgfxconfiguration.o(t._ZN8touchgfx9PartitionINS_4meta8TypeListINS_15SlideTransitionILNS_9DirectionE2EEENS2_INS1_3NilES6_EEEELt1EE7elementEt))
<BR>[Address Reference Count : 1]<UL><LI> touchgfxconfiguration.o(.constdata__ZTVN8touchgfx9PartitionINS_4meta8TypeListINS_15SlideTransitionILNS_9DirectionE2EEENS2_INS1_3NilES6_EEEELt1EEE)
</UL>
<P><STRONG><a name="[180]"></a>touchgfx::Callback&lang;Screen1ViewBase, const touchgfx::AbstractButton&, void, void&rang;::isValid() const</STRONG> (Thumb, 24 bytes, Stack size 0 bytes, screen1viewbase.o(t._ZNK8touchgfx8CallbackI15Screen1ViewBaseRKNS_14AbstractButtonEvvE7isValidEv))
<BR>[Address Reference Count : 1]<UL><LI> screen1viewbase.o(.constdata__ZTVN8touchgfx8CallbackI15Screen1ViewBaseRKNS_14AbstractButtonEvvEE)
</UL>
<P><STRONG><a name="[182]"></a>touchgfx::Callback&lang;Screen2ViewBase, const touchgfx::AbstractButton&, void, void&rang;::isValid() const</STRONG> (Thumb, 24 bytes, Stack size 0 bytes, screen2viewbase.o(t._ZNK8touchgfx8CallbackI15Screen2ViewBaseRKNS_14AbstractButtonEvvE7isValidEv))
<BR>[Address Reference Count : 1]<UL><LI> screen2viewbase.o(.constdata__ZTVN8touchgfx8CallbackI15Screen2ViewBaseRKNS_14AbstractButtonEvvEE)
</UL>
<P><STRONG><a name="[184]"></a>touchgfx::Callback&lang;Screen3ViewBase, const touchgfx::AbstractButton&, void, void&rang;::isValid() const</STRONG> (Thumb, 24 bytes, Stack size 0 bytes, screen3viewbase.o(t._ZNK8touchgfx8CallbackI15Screen3ViewBaseRKNS_14AbstractButtonEvvE7isValidEv))
<BR>[Address Reference Count : 1]<UL><LI> screen3viewbase.o(.constdata__ZTVN8touchgfx8CallbackI15Screen3ViewBaseRKNS_14AbstractButtonEvvEE)
</UL>
<P><STRONG><a name="[186]"></a>touchgfx::Callback&lang;FrontendApplicationBase, void, void, void&rang;::isValid() const</STRONG> (Thumb, 24 bytes, Stack size 0 bytes, frontendapplicationbase.o(t._ZNK8touchgfx8CallbackI23FrontendApplicationBasevvvE7isValidEv))
<BR>[Address Reference Count : 1]<UL><LI> frontendapplicationbase.o(.constdata__ZTVN8touchgfx8CallbackI23FrontendApplicationBasevvvEE)
</UL>
<P><STRONG><a name="[1af]"></a>_fp_init</STRONG> (Thumb, 10 bytes, Stack size 0 bytes, fpinit.o(x$fpl$fpinit))
<BR><BR>[Called By]<UL><LI><a href="#[1ae]">&gt;&gt;</a>&nbsp;&nbsp;&nbsp;__rt_lib_init_fp_1
</UL>

<P><STRONG><a name="[3a0]"></a>__fplib_config_fpu_vfp</STRONG> (Thumb, 0 bytes, Stack size unknown bytes, fpinit.o(x$fpl$fpinit), UNUSED)

<P><STRONG><a name="[3a1]"></a>__fplib_config_pureend_doubles</STRONG> (Thumb, 0 bytes, Stack size unknown bytes, fpinit.o(x$fpl$fpinit), UNUSED)
<P>
<H3>
Local Symbols
</H3>
<P><STRONG><a name="[228]"></a>XPT2046_Read_AD</STRONG> (Thumb, 150 bytes, Stack size 24 bytes, xpt2046.o(i.XPT2046_Read_AD))
<BR><BR>[Stack]<UL><LI>Max Depth = 152<LI>Call Chain = XPT2046_Read_AD &rArr; HAL_SPI_Receive &rArr; HAL_SPI_TransmitReceive &rArr; SPI_EndRxTxTransaction &rArr; SPI_WaitFlagStateUntilTimeout
</UL>
<BR>[Calls]<UL><LI><a href="#[201]">&gt;&gt;</a>&nbsp;&nbsp;&nbsp;HAL_SPI_Transmit
<LI><a href="#[1fe]">&gt;&gt;</a>&nbsp;&nbsp;&nbsp;HAL_SPI_Receive
<LI><a href="#[1d7]">&gt;&gt;</a>&nbsp;&nbsp;&nbsp;HAL_GPIO_WritePin
<LI><a href="#[1e4]">&gt;&gt;</a>&nbsp;&nbsp;&nbsp;HAL_Delay
<LI><a href="#[1fd]">&gt;&gt;</a>&nbsp;&nbsp;&nbsp;Error_Handler
</UL>
<BR>[Called By]<UL><LI><a href="#[229]">&gt;&gt;</a>&nbsp;&nbsp;&nbsp;XPT2046_Update
</UL>

<P><STRONG><a name="[22a]"></a>besttwoavg</STRONG> (Thumb, 68 bytes, Stack size 12 bytes, xpt2046.o(i.besttwoavg))
<BR><BR>[Stack]<UL><LI>Max Depth = 12<LI>Call Chain = besttwoavg
</UL>
<BR>[Called By]<UL><LI><a href="#[229]">&gt;&gt;</a>&nbsp;&nbsp;&nbsp;XPT2046_Update
</UL>

<P><STRONG><a name="[1d6]"></a>DC_H</STRONG> (Thumb, 10 bytes, Stack size 0 bytes, ili9341.o(i.DC_H))
<BR><BR>[Calls]<UL><LI><a href="#[1d7]">&gt;&gt;</a>&nbsp;&nbsp;&nbsp;HAL_GPIO_WritePin
</UL>
<BR>[Called By]<UL><LI><a href="#[217]">&gt;&gt;</a>&nbsp;&nbsp;&nbsp;ILI9341_DrawBitmap
</UL>

<P><STRONG><a name="[21c]"></a>MX_GPIO_Init</STRONG> (Thumb, 668 bytes, Stack size 64 bytes, main.o(i.MX_GPIO_Init))
<BR><BR>[Stack]<UL><LI>Max Depth = 104<LI>Call Chain = MX_GPIO_Init &rArr; HAL_GPIO_Init
</UL>
<BR>[Calls]<UL><LI><a href="#[1ef]">&gt;&gt;</a>&nbsp;&nbsp;&nbsp;HAL_NVIC_SetPriority
<LI><a href="#[1ee]">&gt;&gt;</a>&nbsp;&nbsp;&nbsp;HAL_NVIC_EnableIRQ
<LI><a href="#[1fc]">&gt;&gt;</a>&nbsp;&nbsp;&nbsp;HAL_GPIO_Init
<LI><a href="#[1d7]">&gt;&gt;</a>&nbsp;&nbsp;&nbsp;HAL_GPIO_WritePin
<LI><a href="#[1fb]">&gt;&gt;</a>&nbsp;&nbsp;&nbsp;__aeabi_memclr4
</UL>
<BR>[Called By]<UL><LI><a href="#[1ba]">&gt;&gt;</a>&nbsp;&nbsp;&nbsp;main
</UL>

<P><STRONG><a name="[21d]"></a>MX_SPI1_Init</STRONG> (Thumb, 58 bytes, Stack size 8 bytes, main.o(i.MX_SPI1_Init))
<BR><BR>[Stack]<UL><LI>Max Depth = 120<LI>Call Chain = MX_SPI1_Init &rArr; HAL_SPI_Init &rArr; HAL_SPI_MspInit &rArr; HAL_GPIO_Init
</UL>
<BR>[Calls]<UL><LI><a href="#[1f9]">&gt;&gt;</a>&nbsp;&nbsp;&nbsp;HAL_SPI_Init
</UL>
<BR>[Called By]<UL><LI><a href="#[1ba]">&gt;&gt;</a>&nbsp;&nbsp;&nbsp;main
</UL>

<P><STRONG><a name="[21e]"></a>MX_SPI5_Init</STRONG> (Thumb, 58 bytes, Stack size 8 bytes, main.o(i.MX_SPI5_Init))
<BR><BR>[Stack]<UL><LI>Max Depth = 120<LI>Call Chain = MX_SPI5_Init &rArr; HAL_SPI_Init &rArr; HAL_SPI_MspInit &rArr; HAL_GPIO_Init
</UL>
<BR>[Calls]<UL><LI><a href="#[1f9]">&gt;&gt;</a>&nbsp;&nbsp;&nbsp;HAL_SPI_Init
</UL>
<BR>[Called By]<UL><LI><a href="#[1ba]">&gt;&gt;</a>&nbsp;&nbsp;&nbsp;main
</UL>

<P><STRONG><a name="[21f]"></a>MX_TIM2_Init</STRONG> (Thumb, 96 bytes, Stack size 32 bytes, main.o(i.MX_TIM2_Init))
<BR><BR>[Stack]<UL><LI>Max Depth = 64<LI>Call Chain = MX_TIM2_Init &rArr; HAL_TIM_Base_Init &rArr; HAL_TIM_Base_MspInit &rArr; HAL_NVIC_SetPriority
</UL>
<BR>[Calls]<UL><LI><a href="#[208]">&gt;&gt;</a>&nbsp;&nbsp;&nbsp;HAL_TIM_ConfigClockSource
<LI><a href="#[1ec]">&gt;&gt;</a>&nbsp;&nbsp;&nbsp;HAL_TIM_Base_Init
<LI><a href="#[220]">&gt;&gt;</a>&nbsp;&nbsp;&nbsp;HAL_TIMEx_MasterConfigSynchronization
</UL>
<BR>[Called By]<UL><LI><a href="#[1ba]">&gt;&gt;</a>&nbsp;&nbsp;&nbsp;main
</UL>

<P><STRONG><a name="[1a4]"></a>__sti___25_TouchGFXConfiguration_cpp_f5abfd34</STRONG> (Thumb, 106 bytes, Stack size 24 bytes, touchgfxconfiguration.o(i.__sti___25_TouchGFXConfiguration_cpp_f5abfd34))
<BR><BR>[Stack]<UL><LI>Max Depth = 96<LI>Call Chain = __sti___25_TouchGFXConfiguration_cpp_f5abfd34 &rArr; __aeabi_atexit &rArr; malloc &rArr; __Heap_Full &rArr; __Heap_ProvideMemory &rArr; free
</UL>
<BR>[Calls]<UL><LI><a href="#[2f1]">&gt;&gt;</a>&nbsp;&nbsp;&nbsp;touchgfx::LCD16bpp::LCD16bpp()
<LI><a href="#[273]">&gt;&gt;</a>&nbsp;&nbsp;&nbsp;STM32DMA::STM32DMA()
<LI><a href="#[2f2]">&gt;&gt;</a>&nbsp;&nbsp;&nbsp;touchgfx::HAL::HAL__sub_object(touchgfx::DMA_Interface&, touchgfx::LCD&, touchgfx::TouchController&, unsigned short, unsigned short)
<LI><a href="#[1c2]">&gt;&gt;</a>&nbsp;&nbsp;&nbsp;__aeabi_atexit
</UL>
<BR>[Address Reference Count : 1]<UL><LI> touchgfxconfiguration.o(.init_array)
</UL>
<P><STRONG><a name="[1a5]"></a>__sti___24_TouchGFXGeneratedHAL_cpp_23237d9e</STRONG> (Thumb, 60 bytes, Stack size 8 bytes, touchgfxgeneratedhal.o(i.__sti___24_TouchGFXGeneratedHAL_cpp_23237d9e))
<BR><BR>[Stack]<UL><LI>Max Depth = 80<LI>Call Chain = __sti___24_TouchGFXGeneratedHAL_cpp_23237d9e &rArr; __aeabi_atexit &rArr; malloc &rArr; __Heap_Full &rArr; __Heap_ProvideMemory &rArr; free
</UL>
<BR>[Calls]<UL><LI><a href="#[27b]">&gt;&gt;</a>&nbsp;&nbsp;&nbsp;__aeabi_vec_ctor_nocookie_nodtor
<LI><a href="#[1c2]">&gt;&gt;</a>&nbsp;&nbsp;&nbsp;__aeabi_atexit
</UL>
<BR>[Address Reference Count : 1]<UL><LI> touchgfxgeneratedhal.o(.init_array)
</UL>
<P><STRONG><a name="[1e1]"></a>DMA_CalcBaseAndBitshift</STRONG> (Thumb, 34 bytes, Stack size 0 bytes, stm32f4xx_hal_dma.o(i.DMA_CalcBaseAndBitshift))
<BR><BR>[Called By]<UL><LI><a href="#[1de]">&gt;&gt;</a>&nbsp;&nbsp;&nbsp;HAL_DMA_Init
</UL>

<P><STRONG><a name="[1e0]"></a>DMA_CheckFifoParam</STRONG> (Thumb, 84 bytes, Stack size 8 bytes, stm32f4xx_hal_dma.o(i.DMA_CheckFifoParam))
<BR><BR>[Stack]<UL><LI>Max Depth = 8<LI>Call Chain = DMA_CheckFifoParam
</UL>
<BR>[Called By]<UL><LI><a href="#[1de]">&gt;&gt;</a>&nbsp;&nbsp;&nbsp;HAL_DMA_Init
</UL>

<P><STRONG><a name="[1e3]"></a>DMA_SetConfig</STRONG> (Thumb, 40 bytes, Stack size 12 bytes, stm32f4xx_hal_dma.o(i.DMA_SetConfig))
<BR><BR>[Stack]<UL><LI>Max Depth = 12<LI>Call Chain = DMA_SetConfig
</UL>
<BR>[Called By]<UL><LI><a href="#[1e2]">&gt;&gt;</a>&nbsp;&nbsp;&nbsp;HAL_DMA_Start_IT
</UL>

<P><STRONG><a name="[1f0]"></a>__NVIC_SetPriority</STRONG> (Thumb, 32 bytes, Stack size 0 bytes, stm32f4xx_hal_cortex.o(i.__NVIC_SetPriority))
<BR><BR>[Called By]<UL><LI><a href="#[1ef]">&gt;&gt;</a>&nbsp;&nbsp;&nbsp;HAL_NVIC_SetPriority
</UL>

<P><STRONG><a name="[77]"></a>SPI_DMAAbortOnError</STRONG> (Thumb, 16 bytes, Stack size 8 bytes, stm32f4xx_hal_spi.o(i.SPI_DMAAbortOnError))
<BR><BR>[Stack]<UL><LI>Max Depth = 8<LI>Call Chain = SPI_DMAAbortOnError
</UL>
<BR>[Calls]<UL><LI><a href="#[1f8]">&gt;&gt;</a>&nbsp;&nbsp;&nbsp;HAL_SPI_ErrorCallback
</UL>
<BR>[Address Reference Count : 1]<UL><LI> stm32f4xx_hal_spi.o(i.HAL_SPI_IRQHandler)
</UL>
<P><STRONG><a name="[7a]"></a>SPI_DMAError</STRONG> (Thumb, 34 bytes, Stack size 8 bytes, stm32f4xx_hal_spi.o(i.SPI_DMAError))
<BR><BR>[Stack]<UL><LI>Max Depth = 8<LI>Call Chain = SPI_DMAError
</UL>
<BR>[Calls]<UL><LI><a href="#[1f8]">&gt;&gt;</a>&nbsp;&nbsp;&nbsp;HAL_SPI_ErrorCallback
</UL>
<BR>[Address Reference Count : 1]<UL><LI> stm32f4xx_hal_spi.o(i.HAL_SPI_Transmit_DMA)
</UL>
<P><STRONG><a name="[78]"></a>SPI_DMAHalfTransmitCplt</STRONG> (Thumb, 10 bytes, Stack size 8 bytes, stm32f4xx_hal_spi.o(i.SPI_DMAHalfTransmitCplt))
<BR><BR>[Stack]<UL><LI>Max Depth = 8<LI>Call Chain = SPI_DMAHalfTransmitCplt
</UL>
<BR>[Calls]<UL><LI><a href="#[225]">&gt;&gt;</a>&nbsp;&nbsp;&nbsp;HAL_SPI_TxHalfCpltCallback
</UL>
<BR>[Address Reference Count : 1]<UL><LI> stm32f4xx_hal_spi.o(i.HAL_SPI_Transmit_DMA)
</UL>
<P><STRONG><a name="[79]"></a>SPI_DMATransmitCplt</STRONG> (Thumb, 100 bytes, Stack size 16 bytes, stm32f4xx_hal_spi.o(i.SPI_DMATransmitCplt))
<BR><BR>[Stack]<UL><LI>Max Depth = 192<LI>Call Chain = SPI_DMATransmitCplt &rArr; HAL_SPI_TxCpltCallback &rArr; DisplayDriver_TransferCompleteCallback &rArr; touchgfx::startNewTransfer() &rArr; touchgfxDisplayDriverTransmitBlock &rArr; ILI9341_SetWindow &rArr; ILI9341_SendData &rArr; HAL_SPI_Transmit &rArr; SPI_EndRxTxTransaction &rArr; SPI_WaitFlagStateUntilTimeout
</UL>
<BR>[Calls]<UL><LI><a href="#[204]">&gt;&gt;</a>&nbsp;&nbsp;&nbsp;HAL_SPI_TxCpltCallback
<LI><a href="#[1df]">&gt;&gt;</a>&nbsp;&nbsp;&nbsp;HAL_GetTick
<LI><a href="#[1f8]">&gt;&gt;</a>&nbsp;&nbsp;&nbsp;HAL_SPI_ErrorCallback
<LI><a href="#[202]">&gt;&gt;</a>&nbsp;&nbsp;&nbsp;SPI_EndRxTxTransaction
</UL>
<BR>[Address Reference Count : 1]<UL><LI> stm32f4xx_hal_spi.o(i.HAL_SPI_Transmit_DMA)
</UL>
<P><STRONG><a name="[200]"></a>SPI_EndRxTransaction</STRONG> (Thumb, 92 bytes, Stack size 24 bytes, stm32f4xx_hal_spi.o(i.SPI_EndRxTransaction))
<BR><BR>[Stack]<UL><LI>Max Depth = 56<LI>Call Chain = SPI_EndRxTransaction &rArr; SPI_WaitFlagStateUntilTimeout
</UL>
<BR>[Calls]<UL><LI><a href="#[226]">&gt;&gt;</a>&nbsp;&nbsp;&nbsp;SPI_WaitFlagStateUntilTimeout
</UL>
<BR>[Called By]<UL><LI><a href="#[1fe]">&gt;&gt;</a>&nbsp;&nbsp;&nbsp;HAL_SPI_Receive
</UL>

<P><STRONG><a name="[202]"></a>SPI_EndRxTxTransaction</STRONG> (Thumb, 80 bytes, Stack size 16 bytes, stm32f4xx_hal_spi.o(i.SPI_EndRxTxTransaction))
<BR><BR>[Stack]<UL><LI>Max Depth = 48<LI>Call Chain = SPI_EndRxTxTransaction &rArr; SPI_WaitFlagStateUntilTimeout
</UL>
<BR>[Calls]<UL><LI><a href="#[226]">&gt;&gt;</a>&nbsp;&nbsp;&nbsp;SPI_WaitFlagStateUntilTimeout
</UL>
<BR>[Called By]<UL><LI><a href="#[201]">&gt;&gt;</a>&nbsp;&nbsp;&nbsp;HAL_SPI_Transmit
<LI><a href="#[1ff]">&gt;&gt;</a>&nbsp;&nbsp;&nbsp;HAL_SPI_TransmitReceive
<LI><a href="#[79]">&gt;&gt;</a>&nbsp;&nbsp;&nbsp;SPI_DMATransmitCplt
</UL>

<P><STRONG><a name="[226]"></a>SPI_WaitFlagStateUntilTimeout</STRONG> (Thumb, 180 bytes, Stack size 32 bytes, stm32f4xx_hal_spi.o(i.SPI_WaitFlagStateUntilTimeout))
<BR><BR>[Stack]<UL><LI>Max Depth = 32<LI>Call Chain = SPI_WaitFlagStateUntilTimeout
</UL>
<BR>[Calls]<UL><LI><a href="#[1df]">&gt;&gt;</a>&nbsp;&nbsp;&nbsp;HAL_GetTick
</UL>
<BR>[Called By]<UL><LI><a href="#[202]">&gt;&gt;</a>&nbsp;&nbsp;&nbsp;SPI_EndRxTxTransaction
<LI><a href="#[200]">&gt;&gt;</a>&nbsp;&nbsp;&nbsp;SPI_EndRxTransaction
</UL>

<P><STRONG><a name="[20c]"></a>TIM_ITRx_SetConfig</STRONG> (Thumb, 16 bytes, Stack size 0 bytes, stm32f4xx_hal_tim.o(i.TIM_ITRx_SetConfig))
<BR><BR>[Called By]<UL><LI><a href="#[208]">&gt;&gt;</a>&nbsp;&nbsp;&nbsp;HAL_TIM_ConfigClockSource
</UL>

<P><STRONG><a name="[20a]"></a>TIM_TI1_ConfigInputStage</STRONG> (Thumb, 34 bytes, Stack size 8 bytes, stm32f4xx_hal_tim.o(i.TIM_TI1_ConfigInputStage))
<BR><BR>[Stack]<UL><LI>Max Depth = 8<LI>Call Chain = TIM_TI1_ConfigInputStage
</UL>
<BR>[Called By]<UL><LI><a href="#[208]">&gt;&gt;</a>&nbsp;&nbsp;&nbsp;HAL_TIM_ConfigClockSource
</UL>

<P><STRONG><a name="[20b]"></a>TIM_TI2_ConfigInputStage</STRONG> (Thumb, 36 bytes, Stack size 8 bytes, stm32f4xx_hal_tim.o(i.TIM_TI2_ConfigInputStage))
<BR><BR>[Stack]<UL><LI>Max Depth = 8<LI>Call Chain = TIM_TI2_ConfigInputStage
</UL>
<BR>[Called By]<UL><LI><a href="#[208]">&gt;&gt;</a>&nbsp;&nbsp;&nbsp;HAL_TIM_ConfigClockSource
</UL>

<P><STRONG><a name="[2a1]"></a>touchgfx::prepareTransition(touchgfx::Screen**, touchgfx::Presenter**, touchgfx::Transition**)</STRONG> (Thumb, 84 bytes, Stack size 16 bytes, frontendapplicationbase.o(i._ZN8touchgfx17prepareTransitionEPPNS_6ScreenEPPNS_9PresenterEPPNS_10TransitionE))
<BR><BR>[Stack]<UL><LI>Max Depth = 16<LI>Call Chain = touchgfx::prepareTransition(touchgfx::Screen**, touchgfx::Presenter**, touchgfx::Transition**)
</UL>
<BR>[Calls]<UL><LI><a href="#[24b]">&gt;&gt;</a>&nbsp;&nbsp;&nbsp;touchgfx::Application::getInstance()
<LI><a href="#[2a2]">&gt;&gt;</a>&nbsp;&nbsp;&nbsp;touchgfx::Application::clearAllTimerWidgets()
</UL>
<BR>[Called By]<UL><LI><a href="#[26f]">&gt;&gt;</a>&nbsp;&nbsp;&nbsp;T2* touchgfx::makeTransition&lang;Screen5View, Screen5Presenter, touchgfx::SlideTransition&lang;(touchgfx::Direction)2&rang;, Model&rang;(touchgfx::Screen**, touchgfx::Presenter**, touchgfx::MVPHeap&, touchgfx::Transition**, T4*)
<LI><a href="#[26e]">&gt;&gt;</a>&nbsp;&nbsp;&nbsp;T2* touchgfx::makeTransition&lang;Screen4View, Screen4Presenter, touchgfx::NoTransition, Model&rang;(touchgfx::Screen**, touchgfx::Presenter**, touchgfx::MVPHeap&, touchgfx::Transition**, T4*)
<LI><a href="#[26d]">&gt;&gt;</a>&nbsp;&nbsp;&nbsp;T2* touchgfx::makeTransition&lang;Screen3View, Screen3Presenter, touchgfx::NoTransition, Model&rang;(touchgfx::Screen**, touchgfx::Presenter**, touchgfx::MVPHeap&, touchgfx::Transition**, T4*)
<LI><a href="#[26c]">&gt;&gt;</a>&nbsp;&nbsp;&nbsp;T2* touchgfx::makeTransition&lang;Screen2View, Screen2Presenter, touchgfx::NoTransition, Model&rang;(touchgfx::Screen**, touchgfx::Presenter**, touchgfx::MVPHeap&, touchgfx::Transition**, T4*)
<LI><a href="#[26b]">&gt;&gt;</a>&nbsp;&nbsp;&nbsp;T2* touchgfx::makeTransition&lang;Screen1View, Screen1Presenter, touchgfx::NoTransition, Model&rang;(touchgfx::Screen**, touchgfx::Presenter**, touchgfx::MVPHeap&, touchgfx::Transition**, T4*)
</UL>

<P><STRONG><a name="[2a3]"></a>touchgfx::finalizeTransition(touchgfx::Screen*, touchgfx::Presenter*, touchgfx::Transition*)</STRONG> (Thumb, 52 bytes, Stack size 16 bytes, frontendapplicationbase.o(i._ZN8touchgfx18finalizeTransitionEPNS_6ScreenEPNS_9PresenterEPNS_10TransitionE))
<BR><BR>[Stack]<UL><LI>Max Depth = 16<LI>Call Chain = touchgfx::finalizeTransition(touchgfx::Screen*, touchgfx::Presenter*, touchgfx::Transition*)
</UL>
<BR>[Calls]<UL><LI><a href="#[2a4]">&gt;&gt;</a>&nbsp;&nbsp;&nbsp;touchgfx::Screen::bindTransition(touchgfx::Transition&)
</UL>
<BR>[Called By]<UL><LI><a href="#[26f]">&gt;&gt;</a>&nbsp;&nbsp;&nbsp;T2* touchgfx::makeTransition&lang;Screen5View, Screen5Presenter, touchgfx::SlideTransition&lang;(touchgfx::Direction)2&rang;, Model&rang;(touchgfx::Screen**, touchgfx::Presenter**, touchgfx::MVPHeap&, touchgfx::Transition**, T4*)
<LI><a href="#[26e]">&gt;&gt;</a>&nbsp;&nbsp;&nbsp;T2* touchgfx::makeTransition&lang;Screen4View, Screen4Presenter, touchgfx::NoTransition, Model&rang;(touchgfx::Screen**, touchgfx::Presenter**, touchgfx::MVPHeap&, touchgfx::Transition**, T4*)
<LI><a href="#[26d]">&gt;&gt;</a>&nbsp;&nbsp;&nbsp;T2* touchgfx::makeTransition&lang;Screen3View, Screen3Presenter, touchgfx::NoTransition, Model&rang;(touchgfx::Screen**, touchgfx::Presenter**, touchgfx::MVPHeap&, touchgfx::Transition**, T4*)
<LI><a href="#[26c]">&gt;&gt;</a>&nbsp;&nbsp;&nbsp;T2* touchgfx::makeTransition&lang;Screen2View, Screen2Presenter, touchgfx::NoTransition, Model&rang;(touchgfx::Screen**, touchgfx::Presenter**, touchgfx::MVPHeap&, touchgfx::Transition**, T4*)
<LI><a href="#[26b]">&gt;&gt;</a>&nbsp;&nbsp;&nbsp;T2* touchgfx::makeTransition&lang;Screen1View, Screen1Presenter, touchgfx::NoTransition, Model&rang;(touchgfx::Screen**, touchgfx::Presenter**, touchgfx::MVPHeap&, touchgfx::Transition**, T4*)
</UL>

<P><STRONG><a name="[1a6]"></a>__sti___21_typedtextdatabase_cpp_05ec7672</STRONG> (Thumb, 30 bytes, Stack size 8 bytes, typedtextdatabase.o(i.__sti___21_typedtextdatabase_cpp_05ec7672))
<BR><BR>[Stack]<UL><LI>Max Depth = 148<LI>Call Chain = __sti___21_typedtextdatabase_cpp_05ec7672 &rArr; getFont_verdana_40_4bpp() &rArr; touchgfx::GeneratedFont::GeneratedFont(const touchgfx::GlyphNode*, unsigned short, unsigned short, unsigned char, unsigned char, unsigned char, unsigned char, unsigned char, const unsigned char*const *, const touchgfx::KerningNode*, unsigned short, unsigned short, const unsigned short*, const touchgfx::FontContextualFormsTable*) &rArr; touchgfx::ConstFont::ConstFont__sub_object(const touchgfx::GlyphNode*, unsigned short, unsigned short, unsigned char, unsigned char, unsigned char, unsigned char, unsigned char, unsigned short, unsigned short)
</UL>
<BR>[Calls]<UL><LI><a href="#[230]">&gt;&gt;</a>&nbsp;&nbsp;&nbsp;getFont_verdana_40_4bpp()
<LI><a href="#[22f]">&gt;&gt;</a>&nbsp;&nbsp;&nbsp;getFont_verdana_25_4bpp()
<LI><a href="#[22e]">&gt;&gt;</a>&nbsp;&nbsp;&nbsp;getFont_verdana_20_4bpp()
<LI><a href="#[22b]">&gt;&gt;</a>&nbsp;&nbsp;&nbsp;getFont_verdana_10_4bpp()
</UL>
<BR>[Address Reference Count : 1]<UL><LI> typedtextdatabase.o(.init_array)
</UL>
<P><STRONG><a name="[1a7]"></a>__sti___15_Application_cpp_63cd8d44</STRONG> (Thumb, 14 bytes, Stack size 0 bytes, application.o(i.__sti___15_Application_cpp_63cd8d44))
<BR>[Address Reference Count : 1]<UL><LI> application.o(.init_array)
</UL>
<P><STRONG><a name="[1a8]"></a>__sti___7_LCD_cpp_86507772</STRONG> (Thumb, 8 bytes, Stack size 0 bytes, lcd.o(i.__sti___7_LCD_cpp_86507772))
<BR>[Address Reference Count : 1]<UL><LI> lcd.o(.init_array)
</UL><P>
<H3>
Undefined Global Symbols
</H3><HR></body></html>
